Archive member included to satisfy reference by file (symbol)

c:/program files (x86)/atmel/studio/7.0/toolchain/arm/arm-gnu-toolchain/bin/../lib/gcc/arm-none-eabi/6.3.1/../../../../arm-none-eabi/lib/thumb/v7-m\libc.a(lib_a-exit.o)
                              c:/program files (x86)/atmel/studio/7.0/toolchain/arm/arm-gnu-toolchain/bin/../lib/gcc/arm-none-eabi/6.3.1/../../../../arm-none-eabi/lib/thumb/v7-m/crt0.o (exit)
c:/program files (x86)/atmel/studio/7.0/toolchain/arm/arm-gnu-toolchain/bin/../lib/gcc/arm-none-eabi/6.3.1/../../../../arm-none-eabi/lib/thumb/v7-m\libc.a(lib_a-impure.o)
                              c:/program files (x86)/atmel/studio/7.0/toolchain/arm/arm-gnu-toolchain/bin/../lib/gcc/arm-none-eabi/6.3.1/../../../../arm-none-eabi/lib/thumb/v7-m\libc.a(lib_a-exit.o) (_global_impure_ptr)
c:/program files (x86)/atmel/studio/7.0/toolchain/arm/arm-gnu-toolchain/bin/../lib/gcc/arm-none-eabi/6.3.1/../../../../arm-none-eabi/lib/thumb/v7-m\libc.a(lib_a-init.o)
                              c:/program files (x86)/atmel/studio/7.0/toolchain/arm/arm-gnu-toolchain/bin/../lib/gcc/arm-none-eabi/6.3.1/../../../../arm-none-eabi/lib/thumb/v7-m/crt0.o (__libc_init_array)
c:/program files (x86)/atmel/studio/7.0/toolchain/arm/arm-gnu-toolchain/bin/../lib/gcc/arm-none-eabi/6.3.1/../../../../arm-none-eabi/lib/thumb/v7-m\libc.a(lib_a-memset.o)
                              c:/program files (x86)/atmel/studio/7.0/toolchain/arm/arm-gnu-toolchain/bin/../lib/gcc/arm-none-eabi/6.3.1/../../../../arm-none-eabi/lib/thumb/v7-m/crt0.o (memset)
c:/program files (x86)/atmel/studio/7.0/toolchain/arm/arm-gnu-toolchain/bin/../lib/gcc/arm-none-eabi/6.3.1/../../../../arm-none-eabi/lib/thumb/v7-m\libc.a(lib_a-__call_atexit.o)
                              c:/program files (x86)/atmel/studio/7.0/toolchain/arm/arm-gnu-toolchain/bin/../lib/gcc/arm-none-eabi/6.3.1/../../../../arm-none-eabi/lib/thumb/v7-m\libc.a(lib_a-exit.o) (__call_exitprocs)
c:/program files (x86)/atmel/studio/7.0/toolchain/arm/arm-gnu-toolchain/bin/../lib/gcc/arm-none-eabi/6.3.1/../../../../arm-none-eabi/lib/thumb/v7-m\libc.a(lib_a-atexit.o)
                              c:/program files (x86)/atmel/studio/7.0/toolchain/arm/arm-gnu-toolchain/bin/../lib/gcc/arm-none-eabi/6.3.1/../../../../arm-none-eabi/lib/thumb/v7-m\libc.a(lib_a-__call_atexit.o) (atexit)
c:/program files (x86)/atmel/studio/7.0/toolchain/arm/arm-gnu-toolchain/bin/../lib/gcc/arm-none-eabi/6.3.1/../../../../arm-none-eabi/lib/thumb/v7-m\libc.a(lib_a-fini.o)
                              c:/program files (x86)/atmel/studio/7.0/toolchain/arm/arm-gnu-toolchain/bin/../lib/gcc/arm-none-eabi/6.3.1/../../../../arm-none-eabi/lib/thumb/v7-m\libc.a(lib_a-__call_atexit.o) (__libc_fini_array)
c:/program files (x86)/atmel/studio/7.0/toolchain/arm/arm-gnu-toolchain/bin/../lib/gcc/arm-none-eabi/6.3.1/../../../../arm-none-eabi/lib/thumb/v7-m\libc.a(lib_a-lock.o)
                              c:/program files (x86)/atmel/studio/7.0/toolchain/arm/arm-gnu-toolchain/bin/../lib/gcc/arm-none-eabi/6.3.1/../../../../arm-none-eabi/lib/thumb/v7-m\libc.a(lib_a-__call_atexit.o) (__retarget_lock_acquire_recursive)
c:/program files (x86)/atmel/studio/7.0/toolchain/arm/arm-gnu-toolchain/bin/../lib/gcc/arm-none-eabi/6.3.1/../../../../arm-none-eabi/lib/thumb/v7-m\libc.a(lib_a-__atexit.o)
                              c:/program files (x86)/atmel/studio/7.0/toolchain/arm/arm-gnu-toolchain/bin/../lib/gcc/arm-none-eabi/6.3.1/../../../../arm-none-eabi/lib/thumb/v7-m\libc.a(lib_a-atexit.o) (__register_exitproc)

Allocating common symbols
Common symbol       size              file

__lock___atexit_recursive_mutex
                    0x1               c:/program files (x86)/atmel/studio/7.0/toolchain/arm/arm-gnu-toolchain/bin/../lib/gcc/arm-none-eabi/6.3.1/../../../../arm-none-eabi/lib/thumb/v7-m\libc.a(lib_a-lock.o)
__lock___arc4random_mutex
                    0x1               c:/program files (x86)/atmel/studio/7.0/toolchain/arm/arm-gnu-toolchain/bin/../lib/gcc/arm-none-eabi/6.3.1/../../../../arm-none-eabi/lib/thumb/v7-m\libc.a(lib_a-lock.o)
__lock___env_recursive_mutex
                    0x1               c:/program files (x86)/atmel/studio/7.0/toolchain/arm/arm-gnu-toolchain/bin/../lib/gcc/arm-none-eabi/6.3.1/../../../../arm-none-eabi/lib/thumb/v7-m\libc.a(lib_a-lock.o)
__lock___sinit_recursive_mutex
                    0x1               c:/program files (x86)/atmel/studio/7.0/toolchain/arm/arm-gnu-toolchain/bin/../lib/gcc/arm-none-eabi/6.3.1/../../../../arm-none-eabi/lib/thumb/v7-m\libc.a(lib_a-lock.o)
__lock___malloc_recursive_mutex
                    0x1               c:/program files (x86)/atmel/studio/7.0/toolchain/arm/arm-gnu-toolchain/bin/../lib/gcc/arm-none-eabi/6.3.1/../../../../arm-none-eabi/lib/thumb/v7-m\libc.a(lib_a-lock.o)
__lock___at_quick_exit_mutex
                    0x1               c:/program files (x86)/atmel/studio/7.0/toolchain/arm/arm-gnu-toolchain/bin/../lib/gcc/arm-none-eabi/6.3.1/../../../../arm-none-eabi/lib/thumb/v7-m\libc.a(lib_a-lock.o)
__lock___dd_hash_mutex
                    0x1               c:/program files (x86)/atmel/studio/7.0/toolchain/arm/arm-gnu-toolchain/bin/../lib/gcc/arm-none-eabi/6.3.1/../../../../arm-none-eabi/lib/thumb/v7-m\libc.a(lib_a-lock.o)
__lock___tz_mutex   0x1               c:/program files (x86)/atmel/studio/7.0/toolchain/arm/arm-gnu-toolchain/bin/../lib/gcc/arm-none-eabi/6.3.1/../../../../arm-none-eabi/lib/thumb/v7-m\libc.a(lib_a-lock.o)
__lock___sfp_recursive_mutex
                    0x1               c:/program files (x86)/atmel/studio/7.0/toolchain/arm/arm-gnu-toolchain/bin/../lib/gcc/arm-none-eabi/6.3.1/../../../../arm-none-eabi/lib/thumb/v7-m\libc.a(lib_a-lock.o)

Discarded input sections

 .text          0x00000000        0x0 c:/program files (x86)/atmel/studio/7.0/toolchain/arm/arm-gnu-toolchain/bin/../lib/gcc/arm-none-eabi/6.3.1/thumb/v7-m/crti.o
 .data          0x00000000        0x0 c:/program files (x86)/atmel/studio/7.0/toolchain/arm/arm-gnu-toolchain/bin/../lib/gcc/arm-none-eabi/6.3.1/thumb/v7-m/crti.o
 .bss           0x00000000        0x0 c:/program files (x86)/atmel/studio/7.0/toolchain/arm/arm-gnu-toolchain/bin/../lib/gcc/arm-none-eabi/6.3.1/thumb/v7-m/crti.o
 .data          0x00000000        0x4 c:/program files (x86)/atmel/studio/7.0/toolchain/arm/arm-gnu-toolchain/bin/../lib/gcc/arm-none-eabi/6.3.1/thumb/v7-m/crtbegin.o
 .text          0x00000000       0x74 c:/program files (x86)/atmel/studio/7.0/toolchain/arm/arm-gnu-toolchain/bin/../lib/gcc/arm-none-eabi/6.3.1/../../../../arm-none-eabi/lib/thumb/v7-m/crt0.o
 .data          0x00000000        0x0 c:/program files (x86)/atmel/studio/7.0/toolchain/arm/arm-gnu-toolchain/bin/../lib/gcc/arm-none-eabi/6.3.1/../../../../arm-none-eabi/lib/thumb/v7-m/crt0.o
 .bss           0x00000000        0x0 c:/program files (x86)/atmel/studio/7.0/toolchain/arm/arm-gnu-toolchain/bin/../lib/gcc/arm-none-eabi/6.3.1/../../../../arm-none-eabi/lib/thumb/v7-m/crt0.o
 .ARM.extab     0x00000000        0x0 c:/program files (x86)/atmel/studio/7.0/toolchain/arm/arm-gnu-toolchain/bin/../lib/gcc/arm-none-eabi/6.3.1/../../../../arm-none-eabi/lib/thumb/v7-m/crt0.o
 .ARM.exidx     0x00000000        0x8 c:/program files (x86)/atmel/studio/7.0/toolchain/arm/arm-gnu-toolchain/bin/../lib/gcc/arm-none-eabi/6.3.1/../../../../arm-none-eabi/lib/thumb/v7-m/crt0.o
 .ARM.attributes
                0x00000000       0x1b c:/program files (x86)/atmel/studio/7.0/toolchain/arm/arm-gnu-toolchain/bin/../lib/gcc/arm-none-eabi/6.3.1/../../../../arm-none-eabi/lib/thumb/v7-m/crt0.o
 .group         0x00000000        0x8 Device_Startup/startup_sam3xa.o
 .group         0x00000000        0x8 Device_Startup/startup_sam3xa.o
 .group         0x00000000        0x8 Device_Startup/startup_sam3xa.o
 .group         0x00000000        0x8 Device_Startup/startup_sam3xa.o
 .group         0x00000000        0x8 Device_Startup/startup_sam3xa.o
 .group         0x00000000        0x8 Device_Startup/startup_sam3xa.o
 .group         0x00000000        0x8 Device_Startup/startup_sam3xa.o
 .group         0x00000000        0x8 Device_Startup/startup_sam3xa.o
 .group         0x00000000        0x8 Device_Startup/startup_sam3xa.o
 .group         0x00000000        0x8 Device_Startup/startup_sam3xa.o
 .group         0x00000000        0x8 Device_Startup/startup_sam3xa.o
 .group         0x00000000        0x8 Device_Startup/startup_sam3xa.o
 .group         0x00000000        0x8 Device_Startup/startup_sam3xa.o
 .group         0x00000000        0x8 Device_Startup/startup_sam3xa.o
 .group         0x00000000        0x8 Device_Startup/startup_sam3xa.o
 .group         0x00000000        0x8 Device_Startup/startup_sam3xa.o
 .group         0x00000000        0x8 Device_Startup/startup_sam3xa.o
 .group         0x00000000        0x8 Device_Startup/startup_sam3xa.o
 .group         0x00000000        0x8 Device_Startup/startup_sam3xa.o
 .group         0x00000000        0x8 Device_Startup/startup_sam3xa.o
 .group         0x00000000        0x8 Device_Startup/startup_sam3xa.o
 .group         0x00000000        0x8 Device_Startup/startup_sam3xa.o
 .group         0x00000000        0x8 Device_Startup/startup_sam3xa.o
 .group         0x00000000        0x8 Device_Startup/startup_sam3xa.o
 .group         0x00000000        0x8 Device_Startup/startup_sam3xa.o
 .group         0x00000000        0x8 Device_Startup/startup_sam3xa.o
 .group         0x00000000        0x8 Device_Startup/startup_sam3xa.o
 .group         0x00000000        0x8 Device_Startup/startup_sam3xa.o
 .group         0x00000000        0x8 Device_Startup/startup_sam3xa.o
 .group         0x00000000        0x8 Device_Startup/startup_sam3xa.o
 .group         0x00000000        0x8 Device_Startup/startup_sam3xa.o
 .group         0x00000000        0x8 Device_Startup/startup_sam3xa.o
 .group         0x00000000        0x8 Device_Startup/startup_sam3xa.o
 .group         0x00000000        0x8 Device_Startup/startup_sam3xa.o
 .group         0x00000000        0x8 Device_Startup/startup_sam3xa.o
 .group         0x00000000        0x8 Device_Startup/startup_sam3xa.o
 .group         0x00000000        0x8 Device_Startup/startup_sam3xa.o
 .group         0x00000000        0x8 Device_Startup/startup_sam3xa.o
 .group         0x00000000        0x8 Device_Startup/startup_sam3xa.o
 .group         0x00000000        0x8 Device_Startup/startup_sam3xa.o
 .group         0x00000000        0x8 Device_Startup/startup_sam3xa.o
 .group         0x00000000        0x8 Device_Startup/startup_sam3xa.o
 .group         0x00000000        0x8 Device_Startup/startup_sam3xa.o
 .group         0x00000000        0x8 Device_Startup/startup_sam3xa.o
 .group         0x00000000        0x8 Device_Startup/startup_sam3xa.o
 .group         0x00000000        0x8 Device_Startup/startup_sam3xa.o
 .group         0x00000000        0x8 Device_Startup/startup_sam3xa.o
 .group         0x00000000        0x8 Device_Startup/startup_sam3xa.o
 .group         0x00000000        0x8 Device_Startup/startup_sam3xa.o
 .group         0x00000000        0x8 Device_Startup/startup_sam3xa.o
 .group         0x00000000        0x8 Device_Startup/startup_sam3xa.o
 .group         0x00000000        0x8 Device_Startup/startup_sam3xa.o
 .group         0x00000000        0x8 Device_Startup/startup_sam3xa.o
 .group         0x00000000        0x8 Device_Startup/startup_sam3xa.o
 .group         0x00000000        0x8 Device_Startup/startup_sam3xa.o
 .group         0x00000000        0x8 Device_Startup/startup_sam3xa.o
 .group         0x00000000        0x8 Device_Startup/startup_sam3xa.o
 .group         0x00000000        0x8 Device_Startup/startup_sam3xa.o
 .group         0x00000000        0x8 Device_Startup/startup_sam3xa.o
 .group         0x00000000        0x8 Device_Startup/startup_sam3xa.o
 .group         0x00000000        0x8 Device_Startup/startup_sam3xa.o
 .group         0x00000000        0x8 Device_Startup/startup_sam3xa.o
 .group         0x00000000        0x8 Device_Startup/startup_sam3xa.o
 .group         0x00000000        0x8 Device_Startup/startup_sam3xa.o
 .group         0x00000000        0x8 Device_Startup/startup_sam3xa.o
 .group         0x00000000        0x8 Device_Startup/startup_sam3xa.o
 .group         0x00000000        0x8 Device_Startup/startup_sam3xa.o
 .group         0x00000000        0x8 Device_Startup/startup_sam3xa.o
 .group         0x00000000        0x8 Device_Startup/startup_sam3xa.o
 .group         0x00000000        0x8 Device_Startup/startup_sam3xa.o
 .group         0x00000000        0x8 Device_Startup/startup_sam3xa.o
 .group         0x00000000        0x8 Device_Startup/startup_sam3xa.o
 .group         0x00000000        0x8 Device_Startup/startup_sam3xa.o
 .group         0x00000000        0x8 Device_Startup/startup_sam3xa.o
 .group         0x00000000        0x8 Device_Startup/startup_sam3xa.o
 .group         0x00000000        0x8 Device_Startup/startup_sam3xa.o
 .group         0x00000000        0x8 Device_Startup/startup_sam3xa.o
 .group         0x00000000        0x8 Device_Startup/startup_sam3xa.o
 .group         0x00000000        0x8 Device_Startup/startup_sam3xa.o
 .group         0x00000000        0x8 Device_Startup/startup_sam3xa.o
 .text          0x00000000        0x0 Device_Startup/startup_sam3xa.o
 .data          0x00000000        0x0 Device_Startup/startup_sam3xa.o
 .bss           0x00000000        0x0 Device_Startup/startup_sam3xa.o
 .group         0x00000000        0x8 Device_Startup/system_sam3xa.o
 .group         0x00000000        0x8 Device_Startup/system_sam3xa.o
 .group         0x00000000        0x8 Device_Startup/system_sam3xa.o
 .group         0x00000000        0x8 Device_Startup/system_sam3xa.o
 .group         0x00000000        0x8 Device_Startup/system_sam3xa.o
 .group         0x00000000        0x8 Device_Startup/system_sam3xa.o
 .group         0x00000000        0x8 Device_Startup/system_sam3xa.o
 .group         0x00000000        0x8 Device_Startup/system_sam3xa.o
 .group         0x00000000        0x8 Device_Startup/system_sam3xa.o
 .group         0x00000000        0x8 Device_Startup/system_sam3xa.o
 .group         0x00000000        0x8 Device_Startup/system_sam3xa.o
 .group         0x00000000        0x8 Device_Startup/system_sam3xa.o
 .group         0x00000000        0x8 Device_Startup/system_sam3xa.o
 .group         0x00000000        0x8 Device_Startup/system_sam3xa.o
 .group         0x00000000        0x8 Device_Startup/system_sam3xa.o
 .group         0x00000000        0x8 Device_Startup/system_sam3xa.o
 .group         0x00000000        0x8 Device_Startup/system_sam3xa.o
 .group         0x00000000        0x8 Device_Startup/system_sam3xa.o
 .group         0x00000000        0x8 Device_Startup/system_sam3xa.o
 .group         0x00000000        0x8 Device_Startup/system_sam3xa.o
 .group         0x00000000        0x8 Device_Startup/system_sam3xa.o
 .group         0x00000000        0x8 Device_Startup/system_sam3xa.o
 .group         0x00000000        0x8 Device_Startup/system_sam3xa.o
 .group         0x00000000        0x8 Device_Startup/system_sam3xa.o
 .group         0x00000000        0x8 Device_Startup/system_sam3xa.o
 .group         0x00000000        0x8 Device_Startup/system_sam3xa.o
 .group         0x00000000        0x8 Device_Startup/system_sam3xa.o
 .group         0x00000000        0x8 Device_Startup/system_sam3xa.o
 .group         0x00000000        0x8 Device_Startup/system_sam3xa.o
 .group         0x00000000        0x8 Device_Startup/system_sam3xa.o
 .group         0x00000000        0x8 Device_Startup/system_sam3xa.o
 .group         0x00000000        0x8 Device_Startup/system_sam3xa.o
 .group         0x00000000        0x8 Device_Startup/system_sam3xa.o
 .group         0x00000000        0x8 Device_Startup/system_sam3xa.o
 .group         0x00000000        0x8 Device_Startup/system_sam3xa.o
 .group         0x00000000        0x8 Device_Startup/system_sam3xa.o
 .group         0x00000000        0x8 Device_Startup/system_sam3xa.o
 .group         0x00000000        0x8 Device_Startup/system_sam3xa.o
 .group         0x00000000        0x8 Device_Startup/system_sam3xa.o
 .group         0x00000000        0x8 Device_Startup/system_sam3xa.o
 .group         0x00000000        0x8 Device_Startup/system_sam3xa.o
 .group         0x00000000        0x8 Device_Startup/system_sam3xa.o
 .group         0x00000000        0x8 Device_Startup/system_sam3xa.o
 .group         0x00000000        0x8 Device_Startup/system_sam3xa.o
 .group         0x00000000        0x8 Device_Startup/system_sam3xa.o
 .group         0x00000000        0x8 Device_Startup/system_sam3xa.o
 .group         0x00000000        0x8 Device_Startup/system_sam3xa.o
 .group         0x00000000        0x8 Device_Startup/system_sam3xa.o
 .group         0x00000000        0x8 Device_Startup/system_sam3xa.o
 .group         0x00000000        0x8 Device_Startup/system_sam3xa.o
 .group         0x00000000        0x8 Device_Startup/system_sam3xa.o
 .group         0x00000000        0x8 Device_Startup/system_sam3xa.o
 .group         0x00000000        0x8 Device_Startup/system_sam3xa.o
 .group         0x00000000        0x8 Device_Startup/system_sam3xa.o
 .group         0x00000000        0x8 Device_Startup/system_sam3xa.o
 .group         0x00000000        0x8 Device_Startup/system_sam3xa.o
 .group         0x00000000        0x8 Device_Startup/system_sam3xa.o
 .group         0x00000000        0x8 Device_Startup/system_sam3xa.o
 .group         0x00000000        0x8 Device_Startup/system_sam3xa.o
 .group         0x00000000        0x8 Device_Startup/system_sam3xa.o
 .group         0x00000000        0x8 Device_Startup/system_sam3xa.o
 .group         0x00000000        0x8 Device_Startup/system_sam3xa.o
 .group         0x00000000        0x8 Device_Startup/system_sam3xa.o
 .group         0x00000000        0x8 Device_Startup/system_sam3xa.o
 .group         0x00000000        0x8 Device_Startup/system_sam3xa.o
 .group         0x00000000        0x8 Device_Startup/system_sam3xa.o
 .group         0x00000000        0x8 Device_Startup/system_sam3xa.o
 .group         0x00000000        0x8 Device_Startup/system_sam3xa.o
 .group         0x00000000        0x8 Device_Startup/system_sam3xa.o
 .group         0x00000000        0x8 Device_Startup/system_sam3xa.o
 .group         0x00000000        0x8 Device_Startup/system_sam3xa.o
 .group         0x00000000        0x8 Device_Startup/system_sam3xa.o
 .group         0x00000000        0x8 Device_Startup/system_sam3xa.o
 .group         0x00000000        0x8 Device_Startup/system_sam3xa.o
 .group         0x00000000        0x8 Device_Startup/system_sam3xa.o
 .group         0x00000000        0x8 Device_Startup/system_sam3xa.o
 .group         0x00000000        0x8 Device_Startup/system_sam3xa.o
 .group         0x00000000        0x8 Device_Startup/system_sam3xa.o
 .group         0x00000000        0x8 Device_Startup/system_sam3xa.o
 .group         0x00000000        0x8 Device_Startup/system_sam3xa.o
 .text          0x00000000        0x0 Device_Startup/system_sam3xa.o
 .data          0x00000000        0x4 Device_Startup/system_sam3xa.o
 .bss           0x00000000        0x0 Device_Startup/system_sam3xa.o
 .text.SystemInit
                0x00000000       0xa4 Device_Startup/system_sam3xa.o
 .text.SystemCoreClockUpdate
                0x00000000      0x118 Device_Startup/system_sam3xa.o
 .text.system_init_flash
                0x00000000       0x70 Device_Startup/system_sam3xa.o
 .debug_info    0x00000000      0x444 Device_Startup/system_sam3xa.o
 .debug_abbrev  0x00000000      0x102 Device_Startup/system_sam3xa.o
 .debug_aranges
                0x00000000       0x30 Device_Startup/system_sam3xa.o
 .debug_ranges  0x00000000       0x20 Device_Startup/system_sam3xa.o
 .debug_macro   0x00000000      0x363 Device_Startup/system_sam3xa.o
 .debug_macro   0x00000000      0x8b0 Device_Startup/system_sam3xa.o
 .debug_macro   0x00000000       0x22 Device_Startup/system_sam3xa.o
 .debug_macro   0x00000000       0x87 Device_Startup/system_sam3xa.o
 .debug_macro   0x00000000       0x51 Device_Startup/system_sam3xa.o
 .debug_macro   0x00000000       0xef Device_Startup/system_sam3xa.o
 .debug_macro   0x00000000       0x6a Device_Startup/system_sam3xa.o
 .debug_macro   0x00000000      0x1df Device_Startup/system_sam3xa.o
 .debug_macro   0x00000000       0x20 Device_Startup/system_sam3xa.o
 .debug_macro   0x00000000       0x28 Device_Startup/system_sam3xa.o
 .debug_macro   0x00000000       0x93 Device_Startup/system_sam3xa.o
 .debug_macro   0x00000000      0xe18 Device_Startup/system_sam3xa.o
 .debug_macro   0x00000000      0xa7d Device_Startup/system_sam3xa.o
 .debug_macro   0x00000000      0x55a Device_Startup/system_sam3xa.o
 .debug_macro   0x00000000      0x1a8 Device_Startup/system_sam3xa.o
 .debug_macro   0x00000000      0x30b Device_Startup/system_sam3xa.o
 .debug_macro   0x00000000      0x709 Device_Startup/system_sam3xa.o
 .debug_macro   0x00000000       0xd6 Device_Startup/system_sam3xa.o
 .debug_macro   0x00000000      0x56c Device_Startup/system_sam3xa.o
 .debug_macro   0x00000000       0x1c Device_Startup/system_sam3xa.o
 .debug_macro   0x00000000      0x678 Device_Startup/system_sam3xa.o
 .debug_macro   0x00000000      0x51e Device_Startup/system_sam3xa.o
 .debug_macro   0x00000000       0xbe Device_Startup/system_sam3xa.o
 .debug_macro   0x00000000     0x2333 Device_Startup/system_sam3xa.o
 .debug_macro   0x00000000      0x7d1 Device_Startup/system_sam3xa.o
 .debug_macro   0x00000000      0xdbb Device_Startup/system_sam3xa.o
 .debug_macro   0x00000000       0x9a Device_Startup/system_sam3xa.o
 .debug_macro   0x00000000      0x29c Device_Startup/system_sam3xa.o
 .debug_macro   0x00000000       0x58 Device_Startup/system_sam3xa.o
 .debug_macro   0x00000000      0x999 Device_Startup/system_sam3xa.o
 .debug_macro   0x00000000      0x22d Device_Startup/system_sam3xa.o
 .debug_macro   0x00000000      0x4b4 Device_Startup/system_sam3xa.o
 .debug_macro   0x00000000      0x64a Device_Startup/system_sam3xa.o
 .debug_macro   0x00000000      0x590 Device_Startup/system_sam3xa.o
 .debug_macro   0x00000000       0x46 Device_Startup/system_sam3xa.o
 .debug_macro   0x00000000      0x33f Device_Startup/system_sam3xa.o
 .debug_macro   0x00000000      0x27e Device_Startup/system_sam3xa.o
 .debug_macro   0x00000000     0x14dc Device_Startup/system_sam3xa.o
 .debug_macro   0x00000000      0x7cf Device_Startup/system_sam3xa.o
 .debug_macro   0x00000000       0x76 Device_Startup/system_sam3xa.o
 .debug_macro   0x00000000       0x82 Device_Startup/system_sam3xa.o
 .debug_macro   0x00000000       0x76 Device_Startup/system_sam3xa.o
 .debug_macro   0x00000000       0x4c Device_Startup/system_sam3xa.o
 .debug_macro   0x00000000      0x100 Device_Startup/system_sam3xa.o
 .debug_macro   0x00000000      0x100 Device_Startup/system_sam3xa.o
 .debug_macro   0x00000000      0x100 Device_Startup/system_sam3xa.o
 .debug_macro   0x00000000       0x88 Device_Startup/system_sam3xa.o
 .debug_macro   0x00000000       0x88 Device_Startup/system_sam3xa.o
 .debug_macro   0x00000000      0x3b4 Device_Startup/system_sam3xa.o
 .debug_macro   0x00000000       0xbe Device_Startup/system_sam3xa.o
 .debug_macro   0x00000000       0xbe Device_Startup/system_sam3xa.o
 .debug_macro   0x00000000       0xbe Device_Startup/system_sam3xa.o
 .debug_macro   0x00000000       0xbe Device_Startup/system_sam3xa.o
 .debug_macro   0x00000000      0x2b8 Device_Startup/system_sam3xa.o
 .debug_macro   0x00000000      0x118 Device_Startup/system_sam3xa.o
 .debug_macro   0x00000000      0x216 Device_Startup/system_sam3xa.o
 .debug_macro   0x00000000      0x216 Device_Startup/system_sam3xa.o
 .debug_macro   0x00000000       0x2e Device_Startup/system_sam3xa.o
 .debug_macro   0x00000000       0xac Device_Startup/system_sam3xa.o
 .debug_macro   0x00000000      0x13e Device_Startup/system_sam3xa.o
 .debug_macro   0x00000000       0x7c Device_Startup/system_sam3xa.o
 .debug_macro   0x00000000      0x1f6 Device_Startup/system_sam3xa.o
 .debug_macro   0x00000000       0x64 Device_Startup/system_sam3xa.o
 .debug_macro   0x00000000       0xa6 Device_Startup/system_sam3xa.o
 .debug_macro   0x00000000       0x7c Device_Startup/system_sam3xa.o
 .debug_macro   0x00000000       0x16 Device_Startup/system_sam3xa.o
 .debug_macro   0x00000000       0x22 Device_Startup/system_sam3xa.o
 .debug_macro   0x00000000       0x22 Device_Startup/system_sam3xa.o
 .debug_macro   0x00000000      0x10c Device_Startup/system_sam3xa.o
 .debug_macro   0x00000000      0x10c Device_Startup/system_sam3xa.o
 .debug_macro   0x00000000      0x10c Device_Startup/system_sam3xa.o
 .debug_macro   0x00000000      0x10c Device_Startup/system_sam3xa.o
 .debug_macro   0x00000000       0x1c Device_Startup/system_sam3xa.o
 .debug_macro   0x00000000       0x2e Device_Startup/system_sam3xa.o
 .debug_macro   0x00000000       0x22 Device_Startup/system_sam3xa.o
 .debug_macro   0x00000000       0x1c Device_Startup/system_sam3xa.o
 .debug_macro   0x00000000       0x58 Device_Startup/system_sam3xa.o
 .debug_macro   0x00000000       0x10 Device_Startup/system_sam3xa.o
 .debug_macro   0x00000000      0x27a Device_Startup/system_sam3xa.o
 .debug_macro   0x00000000      0xd34 Device_Startup/system_sam3xa.o
 .debug_macro   0x00000000      0x170 Device_Startup/system_sam3xa.o
 .debug_line    0x00000000      0x774 Device_Startup/system_sam3xa.o
 .debug_str     0x00000000    0x4f3be Device_Startup/system_sam3xa.o
 .comment       0x00000000       0x5a Device_Startup/system_sam3xa.o
 .debug_frame   0x00000000       0x40 Device_Startup/system_sam3xa.o
 .ARM.attributes
                0x00000000       0x33 Device_Startup/system_sam3xa.o
 .group         0x00000000        0x8 main.o
 .group         0x00000000        0x8 main.o
 .group         0x00000000        0x8 main.o
 .group         0x00000000        0x8 main.o
 .group         0x00000000        0x8 main.o
 .group         0x00000000        0x8 main.o
 .group         0x00000000        0x8 main.o
 .group         0x00000000        0x8 main.o
 .group         0x00000000        0x8 main.o
 .group         0x00000000        0x8 main.o
 .group         0x00000000        0x8 main.o
 .group         0x00000000        0x8 main.o
 .group         0x00000000        0x8 main.o
 .group         0x00000000        0x8 main.o
 .group         0x00000000        0x8 main.o
 .group         0x00000000        0x8 main.o
 .group         0x00000000        0x8 main.o
 .group         0x00000000        0x8 main.o
 .group         0x00000000        0x8 main.o
 .group         0x00000000        0x8 main.o
 .group         0x00000000        0x8 main.o
 .group         0x00000000        0x8 main.o
 .group         0x00000000        0x8 main.o
 .group         0x00000000        0x8 main.o
 .group         0x00000000        0x8 main.o
 .group         0x00000000        0x8 main.o
 .group         0x00000000        0x8 main.o
 .group         0x00000000        0x8 main.o
 .group         0x00000000        0x8 main.o
 .group         0x00000000        0x8 main.o
 .group         0x00000000        0x8 main.o
 .group         0x00000000        0x8 main.o
 .group         0x00000000        0x8 main.o
 .group         0x00000000        0x8 main.o
 .group         0x00000000        0x8 main.o
 .group         0x00000000        0x8 main.o
 .group         0x00000000        0x8 main.o
 .group         0x00000000        0x8 main.o
 .group         0x00000000        0x8 main.o
 .group         0x00000000        0x8 main.o
 .group         0x00000000        0x8 main.o
 .group         0x00000000        0x8 main.o
 .group         0x00000000        0x8 main.o
 .group         0x00000000        0x8 main.o
 .group         0x00000000        0x8 main.o
 .group         0x00000000        0x8 main.o
 .group         0x00000000        0x8 main.o
 .group         0x00000000        0x8 main.o
 .group         0x00000000        0x8 main.o
 .group         0x00000000        0x8 main.o
 .group         0x00000000        0x8 main.o
 .group         0x00000000        0x8 main.o
 .group         0x00000000        0x8 main.o
 .group         0x00000000        0x8 main.o
 .group         0x00000000        0x8 main.o
 .group         0x00000000        0x8 main.o
 .group         0x00000000        0x8 main.o
 .group         0x00000000        0x8 main.o
 .group         0x00000000        0x8 main.o
 .group         0x00000000        0x8 main.o
 .group         0x00000000        0x8 main.o
 .group         0x00000000        0x8 main.o
 .group         0x00000000        0x8 main.o
 .group         0x00000000        0x8 main.o
 .group         0x00000000        0x8 main.o
 .group         0x00000000        0x8 main.o
 .group         0x00000000        0x8 main.o
 .group         0x00000000        0x8 main.o
 .group         0x00000000        0x8 main.o
 .group         0x00000000        0x8 main.o
 .group         0x00000000        0x8 main.o
 .group         0x00000000        0x8 main.o
 .group         0x00000000        0x8 main.o
 .group         0x00000000        0x8 main.o
 .group         0x00000000        0x8 main.o
 .group         0x00000000        0x8 main.o
 .group         0x00000000        0x8 main.o
 .group         0x00000000        0x8 main.o
 .group         0x00000000        0x8 main.o
 .group         0x00000000        0x8 main.o
 .text          0x00000000        0x0 main.o
 .data          0x00000000        0x0 main.o
 .bss           0x00000000        0x0 main.o
 .debug_macro   0x00000000      0x8b0 main.o
 .debug_macro   0x00000000       0x22 main.o
 .debug_macro   0x00000000       0x87 main.o
 .debug_macro   0x00000000       0x51 main.o
 .debug_macro   0x00000000       0xef main.o
 .debug_macro   0x00000000       0x6a main.o
 .debug_macro   0x00000000      0x1df main.o
 .debug_macro   0x00000000       0x20 main.o
 .debug_macro   0x00000000       0x28 main.o
 .debug_macro   0x00000000       0x93 main.o
 .debug_macro   0x00000000      0xe18 main.o
 .debug_macro   0x00000000      0xa7d main.o
 .debug_macro   0x00000000      0x55a main.o
 .debug_macro   0x00000000      0x1a8 main.o
 .debug_macro   0x00000000      0x30b main.o
 .debug_macro   0x00000000      0x709 main.o
 .debug_macro   0x00000000       0xd6 main.o
 .debug_macro   0x00000000      0x56c main.o
 .debug_macro   0x00000000       0x1c main.o
 .debug_macro   0x00000000      0x678 main.o
 .debug_macro   0x00000000      0x51e main.o
 .debug_macro   0x00000000       0xbe main.o
 .debug_macro   0x00000000     0x2333 main.o
 .debug_macro   0x00000000      0x7d1 main.o
 .debug_macro   0x00000000      0xdbb main.o
 .debug_macro   0x00000000       0x9a main.o
 .debug_macro   0x00000000      0x29c main.o
 .debug_macro   0x00000000       0x58 main.o
 .debug_macro   0x00000000      0x999 main.o
 .debug_macro   0x00000000      0x22d main.o
 .debug_macro   0x00000000      0x4b4 main.o
 .debug_macro   0x00000000      0x64a main.o
 .debug_macro   0x00000000      0x590 main.o
 .debug_macro   0x00000000       0x46 main.o
 .debug_macro   0x00000000      0x33f main.o
 .debug_macro   0x00000000      0x27e main.o
 .debug_macro   0x00000000     0x14dc main.o
 .debug_macro   0x00000000      0x7cf main.o
 .debug_macro   0x00000000       0x76 main.o
 .debug_macro   0x00000000       0x82 main.o
 .debug_macro   0x00000000       0x76 main.o
 .debug_macro   0x00000000       0x4c main.o
 .debug_macro   0x00000000      0x100 main.o
 .debug_macro   0x00000000      0x100 main.o
 .debug_macro   0x00000000      0x100 main.o
 .debug_macro   0x00000000       0x88 main.o
 .debug_macro   0x00000000       0x88 main.o
 .debug_macro   0x00000000      0x3b4 main.o
 .debug_macro   0x00000000       0xbe main.o
 .debug_macro   0x00000000       0xbe main.o
 .debug_macro   0x00000000       0xbe main.o
 .debug_macro   0x00000000       0xbe main.o
 .debug_macro   0x00000000      0x2b8 main.o
 .debug_macro   0x00000000      0x118 main.o
 .debug_macro   0x00000000      0x216 main.o
 .debug_macro   0x00000000      0x216 main.o
 .debug_macro   0x00000000       0x2e main.o
 .debug_macro   0x00000000       0xac main.o
 .debug_macro   0x00000000      0x13e main.o
 .debug_macro   0x00000000       0x7c main.o
 .debug_macro   0x00000000      0x1f6 main.o
 .debug_macro   0x00000000       0x64 main.o
 .debug_macro   0x00000000       0xa6 main.o
 .debug_macro   0x00000000       0x7c main.o
 .debug_macro   0x00000000       0x16 main.o
 .debug_macro   0x00000000       0x22 main.o
 .debug_macro   0x00000000       0x22 main.o
 .debug_macro   0x00000000      0x10c main.o
 .debug_macro   0x00000000      0x10c main.o
 .debug_macro   0x00000000      0x10c main.o
 .debug_macro   0x00000000      0x10c main.o
 .debug_macro   0x00000000       0x1c main.o
 .debug_macro   0x00000000       0x2e main.o
 .debug_macro   0x00000000       0x22 main.o
 .debug_macro   0x00000000       0x1c main.o
 .debug_macro   0x00000000       0x58 main.o
 .debug_macro   0x00000000       0x10 main.o
 .debug_macro   0x00000000      0x27a main.o
 .debug_macro   0x00000000      0xd34 main.o
 .debug_macro   0x00000000      0x170 main.o
 .text          0x00000000        0x0 c:/program files (x86)/atmel/studio/7.0/toolchain/arm/arm-gnu-toolchain/bin/../lib/gcc/arm-none-eabi/6.3.1/../../../../arm-none-eabi/lib/thumb/v7-m\libc.a(lib_a-exit.o)
 .data          0x00000000        0x0 c:/program files (x86)/atmel/studio/7.0/toolchain/arm/arm-gnu-toolchain/bin/../lib/gcc/arm-none-eabi/6.3.1/../../../../arm-none-eabi/lib/thumb/v7-m\libc.a(lib_a-exit.o)
 .bss           0x00000000        0x0 c:/program files (x86)/atmel/studio/7.0/toolchain/arm/arm-gnu-toolchain/bin/../lib/gcc/arm-none-eabi/6.3.1/../../../../arm-none-eabi/lib/thumb/v7-m\libc.a(lib_a-exit.o)
 .text.exit     0x00000000       0x20 c:/program files (x86)/atmel/studio/7.0/toolchain/arm/arm-gnu-toolchain/bin/../lib/gcc/arm-none-eabi/6.3.1/../../../../arm-none-eabi/lib/thumb/v7-m\libc.a(lib_a-exit.o)
 .debug_frame   0x00000000       0x28 c:/program files (x86)/atmel/studio/7.0/toolchain/arm/arm-gnu-toolchain/bin/../lib/gcc/arm-none-eabi/6.3.1/../../../../arm-none-eabi/lib/thumb/v7-m\libc.a(lib_a-exit.o)
 .ARM.attributes
                0x00000000       0x2d c:/program files (x86)/atmel/studio/7.0/toolchain/arm/arm-gnu-toolchain/bin/../lib/gcc/arm-none-eabi/6.3.1/../../../../arm-none-eabi/lib/thumb/v7-m\libc.a(lib_a-exit.o)
 .text          0x00000000        0x0 c:/program files (x86)/atmel/studio/7.0/toolchain/arm/arm-gnu-toolchain/bin/../lib/gcc/arm-none-eabi/6.3.1/../../../../arm-none-eabi/lib/thumb/v7-m\libc.a(lib_a-impure.o)
 .data          0x00000000        0x0 c:/program files (x86)/atmel/studio/7.0/toolchain/arm/arm-gnu-toolchain/bin/../lib/gcc/arm-none-eabi/6.3.1/../../../../arm-none-eabi/lib/thumb/v7-m\libc.a(lib_a-impure.o)
 .bss           0x00000000        0x0 c:/program files (x86)/atmel/studio/7.0/toolchain/arm/arm-gnu-toolchain/bin/../lib/gcc/arm-none-eabi/6.3.1/../../../../arm-none-eabi/lib/thumb/v7-m\libc.a(lib_a-impure.o)
 .data._impure_ptr
                0x00000000        0x4 c:/program files (x86)/atmel/studio/7.0/toolchain/arm/arm-gnu-toolchain/bin/../lib/gcc/arm-none-eabi/6.3.1/../../../../arm-none-eabi/lib/thumb/v7-m\libc.a(lib_a-impure.o)
 .text          0x00000000        0x0 c:/program files (x86)/atmel/studio/7.0/toolchain/arm/arm-gnu-toolchain/bin/../lib/gcc/arm-none-eabi/6.3.1/../../../../arm-none-eabi/lib/thumb/v7-m\libc.a(lib_a-init.o)
 .data          0x00000000        0x0 c:/program files (x86)/atmel/studio/7.0/toolchain/arm/arm-gnu-toolchain/bin/../lib/gcc/arm-none-eabi/6.3.1/../../../../arm-none-eabi/lib/thumb/v7-m\libc.a(lib_a-init.o)
 .bss           0x00000000        0x0 c:/program files (x86)/atmel/studio/7.0/toolchain/arm/arm-gnu-toolchain/bin/../lib/gcc/arm-none-eabi/6.3.1/../../../../arm-none-eabi/lib/thumb/v7-m\libc.a(lib_a-init.o)
 .text          0x00000000        0x0 c:/program files (x86)/atmel/studio/7.0/toolchain/arm/arm-gnu-toolchain/bin/../lib/gcc/arm-none-eabi/6.3.1/../../../../arm-none-eabi/lib/thumb/v7-m\libc.a(lib_a-memset.o)
 .data          0x00000000        0x0 c:/program files (x86)/atmel/studio/7.0/toolchain/arm/arm-gnu-toolchain/bin/../lib/gcc/arm-none-eabi/6.3.1/../../../../arm-none-eabi/lib/thumb/v7-m\libc.a(lib_a-memset.o)
 .bss           0x00000000        0x0 c:/program files (x86)/atmel/studio/7.0/toolchain/arm/arm-gnu-toolchain/bin/../lib/gcc/arm-none-eabi/6.3.1/../../../../arm-none-eabi/lib/thumb/v7-m\libc.a(lib_a-memset.o)
 .text.memset   0x00000000       0x9c c:/program files (x86)/atmel/studio/7.0/toolchain/arm/arm-gnu-toolchain/bin/../lib/gcc/arm-none-eabi/6.3.1/../../../../arm-none-eabi/lib/thumb/v7-m\libc.a(lib_a-memset.o)
 .debug_frame   0x00000000       0x34 c:/program files (x86)/atmel/studio/7.0/toolchain/arm/arm-gnu-toolchain/bin/../lib/gcc/arm-none-eabi/6.3.1/../../../../arm-none-eabi/lib/thumb/v7-m\libc.a(lib_a-memset.o)
 .ARM.attributes
                0x00000000       0x2d c:/program files (x86)/atmel/studio/7.0/toolchain/arm/arm-gnu-toolchain/bin/../lib/gcc/arm-none-eabi/6.3.1/../../../../arm-none-eabi/lib/thumb/v7-m\libc.a(lib_a-memset.o)
 .text          0x00000000        0x0 c:/program files (x86)/atmel/studio/7.0/toolchain/arm/arm-gnu-toolchain/bin/../lib/gcc/arm-none-eabi/6.3.1/../../../../arm-none-eabi/lib/thumb/v7-m\libc.a(lib_a-__call_atexit.o)
 .data          0x00000000        0x0 c:/program files (x86)/atmel/studio/7.0/toolchain/arm/arm-gnu-toolchain/bin/../lib/gcc/arm-none-eabi/6.3.1/../../../../arm-none-eabi/lib/thumb/v7-m\libc.a(lib_a-__call_atexit.o)
 .bss           0x00000000        0x0 c:/program files (x86)/atmel/studio/7.0/toolchain/arm/arm-gnu-toolchain/bin/../lib/gcc/arm-none-eabi/6.3.1/../../../../arm-none-eabi/lib/thumb/v7-m\libc.a(lib_a-__call_atexit.o)
 .text.__call_exitprocs
                0x00000000       0xe8 c:/program files (x86)/atmel/studio/7.0/toolchain/arm/arm-gnu-toolchain/bin/../lib/gcc/arm-none-eabi/6.3.1/../../../../arm-none-eabi/lib/thumb/v7-m\libc.a(lib_a-__call_atexit.o)
 .text          0x00000000        0x0 c:/program files (x86)/atmel/studio/7.0/toolchain/arm/arm-gnu-toolchain/bin/../lib/gcc/arm-none-eabi/6.3.1/../../../../arm-none-eabi/lib/thumb/v7-m\libc.a(lib_a-atexit.o)
 .data          0x00000000        0x0 c:/program files (x86)/atmel/studio/7.0/toolchain/arm/arm-gnu-toolchain/bin/../lib/gcc/arm-none-eabi/6.3.1/../../../../arm-none-eabi/lib/thumb/v7-m\libc.a(lib_a-atexit.o)
 .bss           0x00000000        0x0 c:/program files (x86)/atmel/studio/7.0/toolchain/arm/arm-gnu-toolchain/bin/../lib/gcc/arm-none-eabi/6.3.1/../../../../arm-none-eabi/lib/thumb/v7-m\libc.a(lib_a-atexit.o)
 .text          0x00000000        0x0 c:/program files (x86)/atmel/studio/7.0/toolchain/arm/arm-gnu-toolchain/bin/../lib/gcc/arm-none-eabi/6.3.1/../../../../arm-none-eabi/lib/thumb/v7-m\libc.a(lib_a-fini.o)
 .data          0x00000000        0x0 c:/program files (x86)/atmel/studio/7.0/toolchain/arm/arm-gnu-toolchain/bin/../lib/gcc/arm-none-eabi/6.3.1/../../../../arm-none-eabi/lib/thumb/v7-m\libc.a(lib_a-fini.o)
 .bss           0x00000000        0x0 c:/program files (x86)/atmel/studio/7.0/toolchain/arm/arm-gnu-toolchain/bin/../lib/gcc/arm-none-eabi/6.3.1/../../../../arm-none-eabi/lib/thumb/v7-m\libc.a(lib_a-fini.o)
 .text          0x00000000        0x0 c:/program files (x86)/atmel/studio/7.0/toolchain/arm/arm-gnu-toolchain/bin/../lib/gcc/arm-none-eabi/6.3.1/../../../../arm-none-eabi/lib/thumb/v7-m\libc.a(lib_a-lock.o)
 .data          0x00000000        0x0 c:/program files (x86)/atmel/studio/7.0/toolchain/arm/arm-gnu-toolchain/bin/../lib/gcc/arm-none-eabi/6.3.1/../../../../arm-none-eabi/lib/thumb/v7-m\libc.a(lib_a-lock.o)
 .bss           0x00000000        0x0 c:/program files (x86)/atmel/studio/7.0/toolchain/arm/arm-gnu-toolchain/bin/../lib/gcc/arm-none-eabi/6.3.1/../../../../arm-none-eabi/lib/thumb/v7-m\libc.a(lib_a-lock.o)
 .text.__retarget_lock_init
                0x00000000        0x4 c:/program files (x86)/atmel/studio/7.0/toolchain/arm/arm-gnu-toolchain/bin/../lib/gcc/arm-none-eabi/6.3.1/../../../../arm-none-eabi/lib/thumb/v7-m\libc.a(lib_a-lock.o)
 .text.__retarget_lock_init_recursive
                0x00000000        0x4 c:/program files (x86)/atmel/studio/7.0/toolchain/arm/arm-gnu-toolchain/bin/../lib/gcc/arm-none-eabi/6.3.1/../../../../arm-none-eabi/lib/thumb/v7-m\libc.a(lib_a-lock.o)
 .text.__retarget_lock_close
                0x00000000        0x4 c:/program files (x86)/atmel/studio/7.0/toolchain/arm/arm-gnu-toolchain/bin/../lib/gcc/arm-none-eabi/6.3.1/../../../../arm-none-eabi/lib/thumb/v7-m\libc.a(lib_a-lock.o)
 .text.__retarget_lock_close_recursive
                0x00000000        0x4 c:/program files (x86)/atmel/studio/7.0/toolchain/arm/arm-gnu-toolchain/bin/../lib/gcc/arm-none-eabi/6.3.1/../../../../arm-none-eabi/lib/thumb/v7-m\libc.a(lib_a-lock.o)
 .text.__retarget_lock_acquire
                0x00000000        0x4 c:/program files (x86)/atmel/studio/7.0/toolchain/arm/arm-gnu-toolchain/bin/../lib/gcc/arm-none-eabi/6.3.1/../../../../arm-none-eabi/lib/thumb/v7-m\libc.a(lib_a-lock.o)
 .text.__retarget_lock_try_acquire
                0x00000000        0x4 c:/program files (x86)/atmel/studio/7.0/toolchain/arm/arm-gnu-toolchain/bin/../lib/gcc/arm-none-eabi/6.3.1/../../../../arm-none-eabi/lib/thumb/v7-m\libc.a(lib_a-lock.o)
 .text.__retarget_lock_try_acquire_recursive
                0x00000000        0x4 c:/program files (x86)/atmel/studio/7.0/toolchain/arm/arm-gnu-toolchain/bin/../lib/gcc/arm-none-eabi/6.3.1/../../../../arm-none-eabi/lib/thumb/v7-m\libc.a(lib_a-lock.o)
 .text.__retarget_lock_release
                0x00000000        0x4 c:/program files (x86)/atmel/studio/7.0/toolchain/arm/arm-gnu-toolchain/bin/../lib/gcc/arm-none-eabi/6.3.1/../../../../arm-none-eabi/lib/thumb/v7-m\libc.a(lib_a-lock.o)
 .text          0x00000000        0x0 c:/program files (x86)/atmel/studio/7.0/toolchain/arm/arm-gnu-toolchain/bin/../lib/gcc/arm-none-eabi/6.3.1/../../../../arm-none-eabi/lib/thumb/v7-m\libc.a(lib_a-__atexit.o)
 .data          0x00000000        0x0 c:/program files (x86)/atmel/studio/7.0/toolchain/arm/arm-gnu-toolchain/bin/../lib/gcc/arm-none-eabi/6.3.1/../../../../arm-none-eabi/lib/thumb/v7-m\libc.a(lib_a-__atexit.o)
 .bss           0x00000000        0x0 c:/program files (x86)/atmel/studio/7.0/toolchain/arm/arm-gnu-toolchain/bin/../lib/gcc/arm-none-eabi/6.3.1/../../../../arm-none-eabi/lib/thumb/v7-m\libc.a(lib_a-__atexit.o)
 .text          0x00000000        0x0 c:/program files (x86)/atmel/studio/7.0/toolchain/arm/arm-gnu-toolchain/bin/../lib/gcc/arm-none-eabi/6.3.1/thumb/v7-m/crtend.o
 .data          0x00000000        0x0 c:/program files (x86)/atmel/studio/7.0/toolchain/arm/arm-gnu-toolchain/bin/../lib/gcc/arm-none-eabi/6.3.1/thumb/v7-m/crtend.o
 .bss           0x00000000        0x0 c:/program files (x86)/atmel/studio/7.0/toolchain/arm/arm-gnu-toolchain/bin/../lib/gcc/arm-none-eabi/6.3.1/thumb/v7-m/crtend.o
 .eh_frame      0x00000000        0x4 c:/program files (x86)/atmel/studio/7.0/toolchain/arm/arm-gnu-toolchain/bin/../lib/gcc/arm-none-eabi/6.3.1/thumb/v7-m/crtend.o
 .jcr           0x00000000        0x4 c:/program files (x86)/atmel/studio/7.0/toolchain/arm/arm-gnu-toolchain/bin/../lib/gcc/arm-none-eabi/6.3.1/thumb/v7-m/crtend.o
 .ARM.attributes
                0x00000000       0x2d c:/program files (x86)/atmel/studio/7.0/toolchain/arm/arm-gnu-toolchain/bin/../lib/gcc/arm-none-eabi/6.3.1/thumb/v7-m/crtend.o
 .text          0x00000000        0x0 c:/program files (x86)/atmel/studio/7.0/toolchain/arm/arm-gnu-toolchain/bin/../lib/gcc/arm-none-eabi/6.3.1/thumb/v7-m/crtn.o
 .data          0x00000000        0x0 c:/program files (x86)/atmel/studio/7.0/toolchain/arm/arm-gnu-toolchain/bin/../lib/gcc/arm-none-eabi/6.3.1/thumb/v7-m/crtn.o
 .bss           0x00000000        0x0 c:/program files (x86)/atmel/studio/7.0/toolchain/arm/arm-gnu-toolchain/bin/../lib/gcc/arm-none-eabi/6.3.1/thumb/v7-m/crtn.o

Memory Configuration

Name             Origin             Length             Attributes
rom              0x00080000         0x00080000         xr
ram              0x20000000         0x00018000         xrw
*default*        0x00000000         0xffffffff

Linker script and memory map

LOAD c:/program files (x86)/atmel/studio/7.0/toolchain/arm/arm-gnu-toolchain/bin/../lib/gcc/arm-none-eabi/6.3.1/thumb/v7-m/crti.o
LOAD c:/program files (x86)/atmel/studio/7.0/toolchain/arm/arm-gnu-toolchain/bin/../lib/gcc/arm-none-eabi/6.3.1/thumb/v7-m/crtbegin.o
LOAD c:/program files (x86)/atmel/studio/7.0/toolchain/arm/arm-gnu-toolchain/bin/../lib/gcc/arm-none-eabi/6.3.1/../../../../arm-none-eabi/lib/thumb/v7-m/crt0.o
LOAD Device_Startup/startup_sam3xa.o
LOAD Device_Startup/system_sam3xa.o
LOAD main.o
START GROUP
LOAD c:/program files (x86)/atmel/studio/7.0/toolchain/arm/arm-gnu-toolchain/bin/../lib/gcc/arm-none-eabi/6.3.1/../../../../arm-none-eabi/lib/thumb/v7-m\libm.a
END GROUP
START GROUP
LOAD c:/program files (x86)/atmel/studio/7.0/toolchain/arm/arm-gnu-toolchain/bin/../lib/gcc/arm-none-eabi/6.3.1/thumb/v7-m\libgcc.a
LOAD c:/program files (x86)/atmel/studio/7.0/toolchain/arm/arm-gnu-toolchain/bin/../lib/gcc/arm-none-eabi/6.3.1/../../../../arm-none-eabi/lib/thumb/v7-m\libc.a
END GROUP
LOAD c:/program files (x86)/atmel/studio/7.0/toolchain/arm/arm-gnu-toolchain/bin/../lib/gcc/arm-none-eabi/6.3.1/thumb/v7-m/crtend.o
LOAD c:/program files (x86)/atmel/studio/7.0/toolchain/arm/arm-gnu-toolchain/bin/../lib/gcc/arm-none-eabi/6.3.1/thumb/v7-m/crtn.o
                0x00000400                STACK_SIZE = DEFINED (STACK_SIZE)?STACK_SIZE:0x400
                0x00000200                HEAP_SIZE = DEFINED (HEAP_SIZE)?HEAP_SIZE:0x200

.text           0x00080000      0x3bc
                0x00080000                . = ALIGN (0x4)
                0x00080000                _sfixed = .
 *(.vectors .vectors.*)
 .vectors       0x00080000       0xf4 Device_Startup/startup_sam3xa.o
                0x00080000                exception_table
 *(.text .text.* .gnu.linkonce.t.*)
 .text          0x000800f4       0x6c c:/program files (x86)/atmel/studio/7.0/toolchain/arm/arm-gnu-toolchain/bin/../lib/gcc/arm-none-eabi/6.3.1/thumb/v7-m/crtbegin.o
 .text.Dummy_Handler
                0x00080160        0x2 Device_Startup/startup_sam3xa.o
                0x00080160                DACC_Handler
                0x00080160                DebugMon_Handler
                0x00080160                DMAC_Handler
                0x00080160                TRNG_Handler
                0x00080160                HardFault_Handler
                0x00080160                TC2_Handler
                0x00080160                SysTick_Handler
                0x00080160                USART3_Handler
                0x00080160                TWI1_Handler
                0x00080160                PendSV_Handler
                0x00080160                NMI_Handler
                0x00080160                TC7_Handler
                0x00080160                ADC_Handler
                0x00080160                SMC_Handler
                0x00080160                USART0_Handler
                0x00080160                RTT_Handler
                0x00080160                EFC1_Handler
                0x00080160                PIOB_Handler
                0x00080160                RTC_Handler
                0x00080160                UsageFault_Handler
                0x00080160                TC6_Handler
                0x00080160                WDT_Handler
                0x00080160                CAN0_Handler
                0x00080160                TC4_Handler
                0x00080160                TC1_Handler
                0x00080160                HSMCI_Handler
                0x00080160                TC3_Handler
                0x00080160                Dummy_Handler
                0x00080160                TWI0_Handler
                0x00080160                USART1_Handler
                0x00080160                PIOA_Handler
                0x00080160                SSC_Handler
                0x00080160                EFC0_Handler
                0x00080160                PMC_Handler
                0x00080160                PWM_Handler
                0x00080160                CAN1_Handler
                0x00080160                MemManage_Handler
                0x00080160                SUPC_Handler
                0x00080160                SVC_Handler
                0x00080160                TC8_Handler
                0x00080160                USART2_Handler
                0x00080160                PIOD_Handler
                0x00080160                EMAC_Handler
                0x00080160                UART_Handler
                0x00080160                PIOC_Handler
                0x00080160                BusFault_Handler
                0x00080160                RSTC_Handler
                0x00080160                TC0_Handler
                0x00080160                TC5_Handler
                0x00080160                UOTGHS_Handler
                0x00080160                SPI0_Handler
 *fill*         0x00080162        0x2 
 .text.Reset_Handler
                0x00080164       0x88 Device_Startup/startup_sam3xa.o
                0x00080164                Reset_Handler
 .text.led_init
                0x000801ec       0x28 main.o
                0x000801ec                led_init
 .text.main     0x00080214       0x10 main.o
                0x00080214                main
 .text.__libc_init_array
                0x00080224       0x50 c:/program files (x86)/atmel/studio/7.0/toolchain/arm/arm-gnu-toolchain/bin/../lib/gcc/arm-none-eabi/6.3.1/../../../../arm-none-eabi/lib/thumb/v7-m\libc.a(lib_a-init.o)
                0x00080224                __libc_init_array
 .text.startup.register_fini
                0x00080274       0x14 c:/program files (x86)/atmel/studio/7.0/toolchain/arm/arm-gnu-toolchain/bin/../lib/gcc/arm-none-eabi/6.3.1/../../../../arm-none-eabi/lib/thumb/v7-m\libc.a(lib_a-__call_atexit.o)
 .text.atexit   0x00080288        0xc c:/program files (x86)/atmel/studio/7.0/toolchain/arm/arm-gnu-toolchain/bin/../lib/gcc/arm-none-eabi/6.3.1/../../../../arm-none-eabi/lib/thumb/v7-m\libc.a(lib_a-atexit.o)
                0x00080288                atexit
 .text.__libc_fini_array
                0x00080294       0x34 c:/program files (x86)/atmel/studio/7.0/toolchain/arm/arm-gnu-toolchain/bin/../lib/gcc/arm-none-eabi/6.3.1/../../../../arm-none-eabi/lib/thumb/v7-m\libc.a(lib_a-fini.o)
                0x00080294                __libc_fini_array
 .text.__retarget_lock_acquire_recursive
                0x000802c8        0x4 c:/program files (x86)/atmel/studio/7.0/toolchain/arm/arm-gnu-toolchain/bin/../lib/gcc/arm-none-eabi/6.3.1/../../../../arm-none-eabi/lib/thumb/v7-m\libc.a(lib_a-lock.o)
                0x000802c8                __retarget_lock_acquire_recursive
 .text.__retarget_lock_release_recursive
                0x000802cc        0x4 c:/program files (x86)/atmel/studio/7.0/toolchain/arm/arm-gnu-toolchain/bin/../lib/gcc/arm-none-eabi/6.3.1/../../../../arm-none-eabi/lib/thumb/v7-m\libc.a(lib_a-lock.o)
                0x000802cc                __retarget_lock_release_recursive
 .text.__register_exitproc
                0x000802d0       0xc4 c:/program files (x86)/atmel/studio/7.0/toolchain/arm/arm-gnu-toolchain/bin/../lib/gcc/arm-none-eabi/6.3.1/../../../../arm-none-eabi/lib/thumb/v7-m\libc.a(lib_a-__atexit.o)
                0x000802d0                __register_exitproc
 *(.glue_7t)
 .glue_7t       0x00080394        0x0 linker stubs
 *(.glue_7)
 .glue_7        0x00080394        0x0 linker stubs
 *(.rodata .rodata* .gnu.linkonce.r.*)
 .rodata._global_impure_ptr
                0x00080394        0x4 c:/program files (x86)/atmel/studio/7.0/toolchain/arm/arm-gnu-toolchain/bin/../lib/gcc/arm-none-eabi/6.3.1/../../../../arm-none-eabi/lib/thumb/v7-m\libc.a(lib_a-impure.o)
                0x00080394                _global_impure_ptr
 *(.ARM.extab* .gnu.linkonce.armextab.*)
                0x00080398                . = ALIGN (0x4)
 *(.init)
 .init          0x00080398        0x4 c:/program files (x86)/atmel/studio/7.0/toolchain/arm/arm-gnu-toolchain/bin/../lib/gcc/arm-none-eabi/6.3.1/thumb/v7-m/crti.o
                0x00080398                _init
 .init          0x0008039c        0x8 c:/program files (x86)/atmel/studio/7.0/toolchain/arm/arm-gnu-toolchain/bin/../lib/gcc/arm-none-eabi/6.3.1/thumb/v7-m/crtn.o
                0x000803a4                . = ALIGN (0x4)
                0x000803a4                __preinit_array_start = .
 *(.preinit_array)
                0x000803a4                __preinit_array_end = .
                0x000803a4                . = ALIGN (0x4)
                0x000803a4                __init_array_start = .
 *(SORT(.init_array.*))
 .init_array.00000
                0x000803a4        0x4 c:/program files (x86)/atmel/studio/7.0/toolchain/arm/arm-gnu-toolchain/bin/../lib/gcc/arm-none-eabi/6.3.1/../../../../arm-none-eabi/lib/thumb/v7-m\libc.a(lib_a-__call_atexit.o)
 *(.init_array)
 .init_array    0x000803a8        0x4 c:/program files (x86)/atmel/studio/7.0/toolchain/arm/arm-gnu-toolchain/bin/../lib/gcc/arm-none-eabi/6.3.1/thumb/v7-m/crtbegin.o
                0x000803ac                __init_array_end = .
                0x000803ac                . = ALIGN (0x4)
 *crtbegin.o(.ctors)
 *(EXCLUDE_FILE(*crtend.o) .ctors)
 *(SORT(.ctors.*))
 *crtend.o(.ctors)
                0x000803ac                . = ALIGN (0x4)
 *(.fini)
 .fini          0x000803ac        0x4 c:/program files (x86)/atmel/studio/7.0/toolchain/arm/arm-gnu-toolchain/bin/../lib/gcc/arm-none-eabi/6.3.1/thumb/v7-m/crti.o
                0x000803ac                _fini
 .fini          0x000803b0        0x8 c:/program files (x86)/atmel/studio/7.0/toolchain/arm/arm-gnu-toolchain/bin/../lib/gcc/arm-none-eabi/6.3.1/thumb/v7-m/crtn.o
                0x000803b8                . = ALIGN (0x4)
                0x000803b8                __fini_array_start = .
 *(.fini_array)
 .fini_array    0x000803b8        0x4 c:/program files (x86)/atmel/studio/7.0/toolchain/arm/arm-gnu-toolchain/bin/../lib/gcc/arm-none-eabi/6.3.1/thumb/v7-m/crtbegin.o
 *(SORT(.fini_array.*))
                0x000803bc                __fini_array_end = .
 *crtbegin.o(.dtors)
 *(EXCLUDE_FILE(*crtend.o) .dtors)
 *(SORT(.dtors.*))
 *crtend.o(.dtors)
                0x000803bc                . = ALIGN (0x4)
                0x000803bc                _efixed = .
                [!provide]                PROVIDE (__exidx_start, .)

.vfp11_veneer   0x000803bc        0x0
 .vfp11_veneer  0x000803bc        0x0 linker stubs

.v4_bx          0x000803bc        0x0
 .v4_bx         0x000803bc        0x0 linker stubs

.iplt           0x000803bc        0x0
 .iplt          0x000803bc        0x0 c:/program files (x86)/atmel/studio/7.0/toolchain/arm/arm-gnu-toolchain/bin/../lib/gcc/arm-none-eabi/6.3.1/thumb/v7-m/crtbegin.o

.eh_frame       0x000803bc        0x0
 .eh_frame      0x000803bc        0x0 c:/program files (x86)/atmel/studio/7.0/toolchain/arm/arm-gnu-toolchain/bin/../lib/gcc/arm-none-eabi/6.3.1/thumb/v7-m/crtbegin.o

.rel.dyn        0x000803bc        0x0
 .rel.iplt      0x000803bc        0x0 c:/program files (x86)/atmel/studio/7.0/toolchain/arm/arm-gnu-toolchain/bin/../lib/gcc/arm-none-eabi/6.3.1/thumb/v7-m/crtbegin.o

.jcr            0x000803bc        0x0
 .jcr           0x000803bc        0x0 c:/program files (x86)/atmel/studio/7.0/toolchain/arm/arm-gnu-toolchain/bin/../lib/gcc/arm-none-eabi/6.3.1/thumb/v7-m/crtbegin.o

.igot.plt       0x000803bc        0x0
 .igot.plt      0x000803bc        0x0 c:/program files (x86)/atmel/studio/7.0/toolchain/arm/arm-gnu-toolchain/bin/../lib/gcc/arm-none-eabi/6.3.1/thumb/v7-m/crtbegin.o

.ARM.exidx
 *(.ARM.exidx* .gnu.linkonce.armexidx.*)
                [!provide]                PROVIDE (__exidx_end, .)
                0x000803bc                . = ALIGN (0x4)
                0x000803bc                _etext = .

.relocate       0x20000000      0x42c load address 0x000803bc
                0x20000000                . = ALIGN (0x4)
                0x20000000                _srelocate = .
 *(.ramfunc .ramfunc.*)
 *(.data .data.*)
 .data.impure_data
                0x20000000      0x428 c:/program files (x86)/atmel/studio/7.0/toolchain/arm/arm-gnu-toolchain/bin/../lib/gcc/arm-none-eabi/6.3.1/../../../../arm-none-eabi/lib/thumb/v7-m\libc.a(lib_a-impure.o)
 .data.__atexit_recursive_mutex
                0x20000428        0x4 c:/program files (x86)/atmel/studio/7.0/toolchain/arm/arm-gnu-toolchain/bin/../lib/gcc/arm-none-eabi/6.3.1/../../../../arm-none-eabi/lib/thumb/v7-m\libc.a(lib_a-__call_atexit.o)
                0x20000428                __atexit_recursive_mutex
                0x2000042c                . = ALIGN (0x4)
                0x2000042c                _erelocate = .

.bss            0x2000042c       0x40 load address 0x000807e8
                0x2000042c                . = ALIGN (0x4)
                0x2000042c                _sbss = .
                0x2000042c                _szero = .
 *(.bss .bss.*)
 .bss           0x2000042c       0x1c c:/program files (x86)/atmel/studio/7.0/toolchain/arm/arm-gnu-toolchain/bin/../lib/gcc/arm-none-eabi/6.3.1/thumb/v7-m/crtbegin.o
 *(COMMON)
 COMMON         0x20000448       0x21 c:/program files (x86)/atmel/studio/7.0/toolchain/arm/arm-gnu-toolchain/bin/../lib/gcc/arm-none-eabi/6.3.1/../../../../arm-none-eabi/lib/thumb/v7-m\libc.a(lib_a-lock.o)
                0x20000448                __lock___atexit_recursive_mutex
                0x2000044c                __lock___arc4random_mutex
                0x20000450                __lock___env_recursive_mutex
                0x20000454                __lock___sinit_recursive_mutex
                0x20000458                __lock___malloc_recursive_mutex
                0x2000045c                __lock___at_quick_exit_mutex
                0x20000460                __lock___dd_hash_mutex
                0x20000464                __lock___tz_mutex
                0x20000468                __lock___sfp_recursive_mutex
                0x2000046c                . = ALIGN (0x4)
 *fill*         0x20000469        0x3 
                0x2000046c                _ebss = .
                0x2000046c                _ezero = .

.stack          0x2000046c      0x404 load address 0x00080828
                0x20000470                . = ALIGN (0x8)
 *fill*         0x2000046c        0x4 
                0x20000470                _sstack = .
                0x20000870                . = (. + STACK_SIZE)
 *fill*         0x20000470      0x400 
                0x20000870                . = ALIGN (0x8)
                0x20000870                _estack = .

.heap           0x20000870      0x200 load address 0x00080c2c
                0x20000870                . = ALIGN (0x8)
                0x20000870                _sheap = .
                0x20000a70                . = (. + HEAP_SIZE)
 *fill*         0x20000870      0x200 
                0x20000a70                . = ALIGN (0x8)
                0x20000a70                _eheap = .
                0x20000a70                . = ALIGN (0x4)
                0x20000a70                _end = .
                0x20017fff                _ram_end_ = ((ORIGIN (ram) + LENGTH (ram)) - 0x1)
OUTPUT(GccApplication2.elf elf32-littlearm)

.ARM.attributes
                0x00000000       0x29
 .ARM.attributes
                0x00000000       0x1d c:/program files (x86)/atmel/studio/7.0/toolchain/arm/arm-gnu-toolchain/bin/../lib/gcc/arm-none-eabi/6.3.1/thumb/v7-m/crti.o
 .ARM.attributes
                0x0000001d       0x2d c:/program files (x86)/atmel/studio/7.0/toolchain/arm/arm-gnu-toolchain/bin/../lib/gcc/arm-none-eabi/6.3.1/thumb/v7-m/crtbegin.o
 .ARM.attributes
                0x0000004a       0x33 Device_Startup/startup_sam3xa.o
 .ARM.attributes
                0x0000007d       0x33 main.o
 .ARM.attributes
                0x000000b0       0x2d c:/program files (x86)/atmel/studio/7.0/toolchain/arm/arm-gnu-toolchain/bin/../lib/gcc/arm-none-eabi/6.3.1/../../../../arm-none-eabi/lib/thumb/v7-m\libc.a(lib_a-impure.o)
 .ARM.attributes
                0x000000dd       0x2d c:/program files (x86)/atmel/studio/7.0/toolchain/arm/arm-gnu-toolchain/bin/../lib/gcc/arm-none-eabi/6.3.1/../../../../arm-none-eabi/lib/thumb/v7-m\libc.a(lib_a-init.o)
 .ARM.attributes
                0x0000010a       0x2d c:/program files (x86)/atmel/studio/7.0/toolchain/arm/arm-gnu-toolchain/bin/../lib/gcc/arm-none-eabi/6.3.1/../../../../arm-none-eabi/lib/thumb/v7-m\libc.a(lib_a-__call_atexit.o)
 .ARM.attributes
                0x00000137       0x2d c:/program files (x86)/atmel/studio/7.0/toolchain/arm/arm-gnu-toolchain/bin/../lib/gcc/arm-none-eabi/6.3.1/../../../../arm-none-eabi/lib/thumb/v7-m\libc.a(lib_a-atexit.o)
 .ARM.attributes
                0x00000164       0x2d c:/program files (x86)/atmel/studio/7.0/toolchain/arm/arm-gnu-toolchain/bin/../lib/gcc/arm-none-eabi/6.3.1/../../../../arm-none-eabi/lib/thumb/v7-m\libc.a(lib_a-fini.o)
 .ARM.attributes
                0x00000191       0x2d c:/program files (x86)/atmel/studio/7.0/toolchain/arm/arm-gnu-toolchain/bin/../lib/gcc/arm-none-eabi/6.3.1/../../../../arm-none-eabi/lib/thumb/v7-m\libc.a(lib_a-lock.o)
 .ARM.attributes
                0x000001be       0x2d c:/program files (x86)/atmel/studio/7.0/toolchain/arm/arm-gnu-toolchain/bin/../lib/gcc/arm-none-eabi/6.3.1/../../../../arm-none-eabi/lib/thumb/v7-m\libc.a(lib_a-__atexit.o)
 .ARM.attributes
                0x000001eb       0x1d c:/program files (x86)/atmel/studio/7.0/toolchain/arm/arm-gnu-toolchain/bin/../lib/gcc/arm-none-eabi/6.3.1/thumb/v7-m/crtn.o

.comment        0x00000000       0x59
 .comment       0x00000000       0x59 Device_Startup/startup_sam3xa.o
                                 0x5a (size before relaxing)
 .comment       0x00000059       0x5a main.o

.debug_info     0x00000000      0xe3e
 .debug_info    0x00000000      0x74e Device_Startup/startup_sam3xa.o
 .debug_info    0x0000074e      0x6f0 main.o

.debug_abbrev   0x00000000      0x246
 .debug_abbrev  0x00000000      0x153 Device_Startup/startup_sam3xa.o
 .debug_abbrev  0x00000153       0xf3 main.o

.debug_loc      0x00000000       0x8b
 .debug_loc     0x00000000       0x6b Device_Startup/startup_sam3xa.o
 .debug_loc     0x0000006b       0x20 main.o

.debug_aranges  0x00000000       0x50
 .debug_aranges
                0x00000000       0x28 Device_Startup/startup_sam3xa.o
 .debug_aranges
                0x00000028       0x28 main.o

.debug_ranges   0x00000000       0x30
 .debug_ranges  0x00000000       0x18 Device_Startup/startup_sam3xa.o
 .debug_ranges  0x00000018       0x18 main.o

.debug_macro    0x00000000     0xfd29
 .debug_macro   0x00000000      0x351 Device_Startup/startup_sam3xa.o
 .debug_macro   0x00000351      0x8b0 Device_Startup/startup_sam3xa.o
 .debug_macro   0x00000c01       0x22 Device_Startup/startup_sam3xa.o
 .debug_macro   0x00000c23       0x87 Device_Startup/startup_sam3xa.o
 .debug_macro   0x00000caa       0x51 Device_Startup/startup_sam3xa.o
 .debug_macro   0x00000cfb       0xef Device_Startup/startup_sam3xa.o
 .debug_macro   0x00000dea       0x6a Device_Startup/startup_sam3xa.o
 .debug_macro   0x00000e54      0x1df Device_Startup/startup_sam3xa.o
 .debug_macro   0x00001033       0x20 Device_Startup/startup_sam3xa.o
 .debug_macro   0x00001053       0x28 Device_Startup/startup_sam3xa.o
 .debug_macro   0x0000107b       0x93 Device_Startup/startup_sam3xa.o
 .debug_macro   0x0000110e      0xe18 Device_Startup/startup_sam3xa.o
 .debug_macro   0x00001f26      0xa7d Device_Startup/startup_sam3xa.o
 .debug_macro   0x000029a3      0x55a Device_Startup/startup_sam3xa.o
 .debug_macro   0x00002efd      0x1a8 Device_Startup/startup_sam3xa.o
 .debug_macro   0x000030a5      0x30b Device_Startup/startup_sam3xa.o
 .debug_macro   0x000033b0      0x709 Device_Startup/startup_sam3xa.o
 .debug_macro   0x00003ab9       0xd6 Device_Startup/startup_sam3xa.o
 .debug_macro   0x00003b8f      0x56c Device_Startup/startup_sam3xa.o
 .debug_macro   0x000040fb       0x1c Device_Startup/startup_sam3xa.o
 .debug_macro   0x00004117      0x678 Device_Startup/startup_sam3xa.o
 .debug_macro   0x0000478f      0x51e Device_Startup/startup_sam3xa.o
 .debug_macro   0x00004cad       0xbe Device_Startup/startup_sam3xa.o
 .debug_macro   0x00004d6b     0x2333 Device_Startup/startup_sam3xa.o
 .debug_macro   0x0000709e      0x7d1 Device_Startup/startup_sam3xa.o
 .debug_macro   0x0000786f      0xdbb Device_Startup/startup_sam3xa.o
 .debug_macro   0x0000862a       0x9a Device_Startup/startup_sam3xa.o
 .debug_macro   0x000086c4      0x29c Device_Startup/startup_sam3xa.o
 .debug_macro   0x00008960       0x58 Device_Startup/startup_sam3xa.o
 .debug_macro   0x000089b8      0x999 Device_Startup/startup_sam3xa.o
 .debug_macro   0x00009351      0x22d Device_Startup/startup_sam3xa.o
 .debug_macro   0x0000957e      0x4b4 Device_Startup/startup_sam3xa.o
 .debug_macro   0x00009a32      0x64a Device_Startup/startup_sam3xa.o
 .debug_macro   0x0000a07c      0x590 Device_Startup/startup_sam3xa.o
 .debug_macro   0x0000a60c       0x46 Device_Startup/startup_sam3xa.o
 .debug_macro   0x0000a652      0x33f Device_Startup/startup_sam3xa.o
 .debug_macro   0x0000a991      0x27e Device_Startup/startup_sam3xa.o
 .debug_macro   0x0000ac0f     0x14dc Device_Startup/startup_sam3xa.o
 .debug_macro   0x0000c0eb      0x7cf Device_Startup/startup_sam3xa.o
 .debug_macro   0x0000c8ba       0x76 Device_Startup/startup_sam3xa.o
 .debug_macro   0x0000c930       0x82 Device_Startup/startup_sam3xa.o
 .debug_macro   0x0000c9b2       0x76 Device_Startup/startup_sam3xa.o
 .debug_macro   0x0000ca28       0x4c Device_Startup/startup_sam3xa.o
 .debug_macro   0x0000ca74      0x100 Device_Startup/startup_sam3xa.o
 .debug_macro   0x0000cb74      0x100 Device_Startup/startup_sam3xa.o
 .debug_macro   0x0000cc74      0x100 Device_Startup/startup_sam3xa.o
 .debug_macro   0x0000cd74       0x88 Device_Startup/startup_sam3xa.o
 .debug_macro   0x0000cdfc       0x88 Device_Startup/startup_sam3xa.o
 .debug_macro   0x0000ce84      0x3b4 Device_Startup/startup_sam3xa.o
 .debug_macro   0x0000d238       0xbe Device_Startup/startup_sam3xa.o
 .debug_macro   0x0000d2f6       0xbe Device_Startup/startup_sam3xa.o
 .debug_macro   0x0000d3b4       0xbe Device_Startup/startup_sam3xa.o
 .debug_macro   0x0000d472       0xbe Device_Startup/startup_sam3xa.o
 .debug_macro   0x0000d530      0x2b8 Device_Startup/startup_sam3xa.o
 .debug_macro   0x0000d7e8      0x118 Device_Startup/startup_sam3xa.o
 .debug_macro   0x0000d900      0x216 Device_Startup/startup_sam3xa.o
 .debug_macro   0x0000db16      0x216 Device_Startup/startup_sam3xa.o
 .debug_macro   0x0000dd2c       0x2e Device_Startup/startup_sam3xa.o
 .debug_macro   0x0000dd5a       0xac Device_Startup/startup_sam3xa.o
 .debug_macro   0x0000de06      0x13e Device_Startup/startup_sam3xa.o
 .debug_macro   0x0000df44       0x7c Device_Startup/startup_sam3xa.o
 .debug_macro   0x0000dfc0      0x1f6 Device_Startup/startup_sam3xa.o
 .debug_macro   0x0000e1b6       0x64 Device_Startup/startup_sam3xa.o
 .debug_macro   0x0000e21a       0xa6 Device_Startup/startup_sam3xa.o
 .debug_macro   0x0000e2c0       0x7c Device_Startup/startup_sam3xa.o
 .debug_macro   0x0000e33c       0x16 Device_Startup/startup_sam3xa.o
 .debug_macro   0x0000e352       0x22 Device_Startup/startup_sam3xa.o
 .debug_macro   0x0000e374       0x22 Device_Startup/startup_sam3xa.o
 .debug_macro   0x0000e396      0x10c Device_Startup/startup_sam3xa.o
 .debug_macro   0x0000e4a2      0x10c Device_Startup/startup_sam3xa.o
 .debug_macro   0x0000e5ae      0x10c Device_Startup/startup_sam3xa.o
 .debug_macro   0x0000e6ba      0x10c Device_Startup/startup_sam3xa.o
 .debug_macro   0x0000e7c6       0x1c Device_Startup/startup_sam3xa.o
 .debug_macro   0x0000e7e2       0x2e Device_Startup/startup_sam3xa.o
 .debug_macro   0x0000e810       0x22 Device_Startup/startup_sam3xa.o
 .debug_macro   0x0000e832       0x1c Device_Startup/startup_sam3xa.o
 .debug_macro   0x0000e84e       0x58 Device_Startup/startup_sam3xa.o
 .debug_macro   0x0000e8a6       0x10 Device_Startup/startup_sam3xa.o
 .debug_macro   0x0000e8b6      0x27a Device_Startup/startup_sam3xa.o
 .debug_macro   0x0000eb30      0xd34 Device_Startup/startup_sam3xa.o
 .debug_macro   0x0000f864      0x170 Device_Startup/startup_sam3xa.o
 .debug_macro   0x0000f9d4      0x355 main.o

.debug_line     0x00000000      0xdda
 .debug_line    0x00000000      0x6fe Device_Startup/startup_sam3xa.o
 .debug_line    0x000006fe      0x6dc main.o

.debug_str      0x00000000    0x4f7a9
 .debug_str     0x00000000    0x4f46e Device_Startup/startup_sam3xa.o
                              0x4f62b (size before relaxing)
 .debug_str     0x0004f46e      0x33b main.o
                              0x4f3e7 (size before relaxing)

.debug_frame    0x00000000      0x230
 .debug_frame   0x00000000       0x38 Device_Startup/startup_sam3xa.o
 .debug_frame   0x00000038       0x38 main.o
 .debug_frame   0x00000070       0x2c c:/program files (x86)/atmel/studio/7.0/toolchain/arm/arm-gnu-toolchain/bin/../lib/gcc/arm-none-eabi/6.3.1/../../../../arm-none-eabi/lib/thumb/v7-m\libc.a(lib_a-init.o)
 .debug_frame   0x0000009c       0x5c c:/program files (x86)/atmel/studio/7.0/toolchain/arm/arm-gnu-toolchain/bin/../lib/gcc/arm-none-eabi/6.3.1/../../../../arm-none-eabi/lib/thumb/v7-m\libc.a(lib_a-__call_atexit.o)
 .debug_frame   0x000000f8       0x20 c:/program files (x86)/atmel/studio/7.0/toolchain/arm/arm-gnu-toolchain/bin/../lib/gcc/arm-none-eabi/6.3.1/../../../../arm-none-eabi/lib/thumb/v7-m\libc.a(lib_a-atexit.o)
 .debug_frame   0x00000118       0x34 c:/program files (x86)/atmel/studio/7.0/toolchain/arm/arm-gnu-toolchain/bin/../lib/gcc/arm-none-eabi/6.3.1/../../../../arm-none-eabi/lib/thumb/v7-m\libc.a(lib_a-fini.o)
 .debug_frame   0x0000014c       0xb0 c:/program files (x86)/atmel/studio/7.0/toolchain/arm/arm-gnu-toolchain/bin/../lib/gcc/arm-none-eabi/6.3.1/../../../../arm-none-eabi/lib/thumb/v7-m\libc.a(lib_a-lock.o)
 .debug_frame   0x000001fc       0x34 c:/program files (x86)/atmel/studio/7.0/toolchain/arm/arm-gnu-toolchain/bin/../lib/gcc/arm-none-eabi/6.3.1/../../../../arm-none-eabi/lib/thumb/v7-m\libc.a(lib_a-__atexit.o)
