Archive member included to satisfy reference by file (symbol)

c:/program files (x86)/atmel/studio/7.0/toolchain/arm/arm-gnu-toolchain/bin/../lib/gcc/arm-none-eabi/6.3.1/thumb/v7-m\libgcc.a(_arm_addsubdf3.o)
                              pwm/pwm.o (__aeabi_dadd)
c:/program files (x86)/atmel/studio/7.0/toolchain/arm/arm-gnu-toolchain/bin/../lib/gcc/arm-none-eabi/6.3.1/thumb/v7-m\libgcc.a(_arm_muldivdf3.o)
                              pwm/pwm.o (__aeabi_dmul)
c:/program files (x86)/atmel/studio/7.0/toolchain/arm/arm-gnu-toolchain/bin/../lib/gcc/arm-none-eabi/6.3.1/thumb/v7-m\libgcc.a(_arm_fixunsdfsi.o)
                              pwm/pwm.o (__aeabi_d2uiz)
c:/program files (x86)/atmel/studio/7.0/toolchain/arm/arm-gnu-toolchain/bin/../lib/gcc/arm-none-eabi/6.3.1/../../../../arm-none-eabi/lib/thumb/v7-m\libc.a(lib_a-exit.o)
                              c:/program files (x86)/atmel/studio/7.0/toolchain/arm/arm-gnu-toolchain/bin/../lib/gcc/arm-none-eabi/6.3.1/../../../../arm-none-eabi/lib/thumb/v7-m/crt0.o (exit)
c:/program files (x86)/atmel/studio/7.0/toolchain/arm/arm-gnu-toolchain/bin/../lib/gcc/arm-none-eabi/6.3.1/../../../../arm-none-eabi/lib/thumb/v7-m\libc.a(lib_a-impure.o)
                              c:/program files (x86)/atmel/studio/7.0/toolchain/arm/arm-gnu-toolchain/bin/../lib/gcc/arm-none-eabi/6.3.1/../../../../arm-none-eabi/lib/thumb/v7-m\libc.a(lib_a-exit.o) (_global_impure_ptr)
c:/program files (x86)/atmel/studio/7.0/toolchain/arm/arm-gnu-toolchain/bin/../lib/gcc/arm-none-eabi/6.3.1/../../../../arm-none-eabi/lib/thumb/v7-m\libc.a(lib_a-init.o)
                              c:/program files (x86)/atmel/studio/7.0/toolchain/arm/arm-gnu-toolchain/bin/../lib/gcc/arm-none-eabi/6.3.1/../../../../arm-none-eabi/lib/thumb/v7-m/crt0.o (__libc_init_array)
c:/program files (x86)/atmel/studio/7.0/toolchain/arm/arm-gnu-toolchain/bin/../lib/gcc/arm-none-eabi/6.3.1/../../../../arm-none-eabi/lib/thumb/v7-m\libc.a(lib_a-memset.o)
                              c:/program files (x86)/atmel/studio/7.0/toolchain/arm/arm-gnu-toolchain/bin/../lib/gcc/arm-none-eabi/6.3.1/../../../../arm-none-eabi/lib/thumb/v7-m/crt0.o (memset)
c:/program files (x86)/atmel/studio/7.0/toolchain/arm/arm-gnu-toolchain/bin/../lib/gcc/arm-none-eabi/6.3.1/../../../../arm-none-eabi/lib/thumb/v7-m\libc.a(lib_a-__call_atexit.o)
                              c:/program files (x86)/atmel/studio/7.0/toolchain/arm/arm-gnu-toolchain/bin/../lib/gcc/arm-none-eabi/6.3.1/../../../../arm-none-eabi/lib/thumb/v7-m\libc.a(lib_a-exit.o) (__call_exitprocs)
c:/program files (x86)/atmel/studio/7.0/toolchain/arm/arm-gnu-toolchain/bin/../lib/gcc/arm-none-eabi/6.3.1/../../../../arm-none-eabi/lib/thumb/v7-m\libc.a(lib_a-atexit.o)
                              c:/program files (x86)/atmel/studio/7.0/toolchain/arm/arm-gnu-toolchain/bin/../lib/gcc/arm-none-eabi/6.3.1/../../../../arm-none-eabi/lib/thumb/v7-m\libc.a(lib_a-__call_atexit.o) (atexit)
c:/program files (x86)/atmel/studio/7.0/toolchain/arm/arm-gnu-toolchain/bin/../lib/gcc/arm-none-eabi/6.3.1/../../../../arm-none-eabi/lib/thumb/v7-m\libc.a(lib_a-fini.o)
                              c:/program files (x86)/atmel/studio/7.0/toolchain/arm/arm-gnu-toolchain/bin/../lib/gcc/arm-none-eabi/6.3.1/../../../../arm-none-eabi/lib/thumb/v7-m\libc.a(lib_a-__call_atexit.o) (__libc_fini_array)
c:/program files (x86)/atmel/studio/7.0/toolchain/arm/arm-gnu-toolchain/bin/../lib/gcc/arm-none-eabi/6.3.1/../../../../arm-none-eabi/lib/thumb/v7-m\libc.a(lib_a-lock.o)
                              c:/program files (x86)/atmel/studio/7.0/toolchain/arm/arm-gnu-toolchain/bin/../lib/gcc/arm-none-eabi/6.3.1/../../../../arm-none-eabi/lib/thumb/v7-m\libc.a(lib_a-__call_atexit.o) (__retarget_lock_acquire_recursive)
c:/program files (x86)/atmel/studio/7.0/toolchain/arm/arm-gnu-toolchain/bin/../lib/gcc/arm-none-eabi/6.3.1/../../../../arm-none-eabi/lib/thumb/v7-m\libc.a(lib_a-__atexit.o)
                              c:/program files (x86)/atmel/studio/7.0/toolchain/arm/arm-gnu-toolchain/bin/../lib/gcc/arm-none-eabi/6.3.1/../../../../arm-none-eabi/lib/thumb/v7-m\libc.a(lib_a-atexit.o) (__register_exitproc)

Allocating common symbols
Common symbol       size              file

__lock___atexit_recursive_mutex
                    0x1               c:/program files (x86)/atmel/studio/7.0/toolchain/arm/arm-gnu-toolchain/bin/../lib/gcc/arm-none-eabi/6.3.1/../../../../arm-none-eabi/lib/thumb/v7-m\libc.a(lib_a-lock.o)
__lock___arc4random_mutex
                    0x1               c:/program files (x86)/atmel/studio/7.0/toolchain/arm/arm-gnu-toolchain/bin/../lib/gcc/arm-none-eabi/6.3.1/../../../../arm-none-eabi/lib/thumb/v7-m\libc.a(lib_a-lock.o)
encoderdataLSB      0x1               motor/motor.o
encoderdataMSB      0x1               motor/motor.o
position_x          0x1               main.o
max_sum_error       0x4               main.o
__lock___env_recursive_mutex
[...]
Memory Configuration

Name             Origin             Length             Attributes
rom              0x00080000         0x00080000         xr
ram              0x20000000         0x00018000         xrw
*default*        0x00000000         0xffffffff

Linker script and memory map

LOAD c:/program files (x86)/atmel/studio/7.0/toolchain/arm/arm-gnu-toolchain/bin/../lib/gcc/arm-none-eabi/6.3.1/thumb/v7-m/crti.o
LOAD c:/program files (x86)/atmel/studio/7.0/toolchain/arm/arm-gnu-toolchain/bin/../lib/gcc/arm-none-eabi/6.3.1/thumb/v7-m/crtbegin.o
LOAD c:/program files (x86)/atmel/studio/7.0/toolchain/arm/arm-gnu-toolchain/bin/../lib/gcc/arm-none-eabi/6.3.1/../../../../arm-none-eabi/lib/thumb/v7-m/crt0.o
LOAD adc/adc_arduino.o
LOAD can/can_controller.o
LOAD can/can_interrupt.o
LOAD dac/dac_arduino.o
LOAD Device_Startup/startup_sam3xa.o
LOAD Device_Startup/system_sam3xa.o
LOAD led/led.o
LOAD main.o
LOAD motor/motor.o
LOAD pid2/pid2.o
LOAD pwm/pwm.o
LOAD solenoid/solenoid.o
LOAD timer/timer.o
LOAD uart/printf-stdarg.o
LOAD uart/uart.o
START GROUP
LOAD c:/program files (x86)/atmel/studio/7.0/toolchain/arm/arm-gnu-toolchain/bin/../lib/gcc/arm-none-eabi/6.3.1/../../../../arm-none-eabi/lib/thumb/v7-m\libm.a
END GROUP
START GROUP
LOAD c:/program files (x86)/atmel/studio/7.0/toolchain/arm/arm-gnu-toolchain/bin/../lib/gcc/arm-none-eabi/6.3.1/thumb/v7-m\libgcc.a
LOAD c:/program files (x86)/atmel/studio/7.0/toolchain/arm/arm-gnu-toolchain/bin/../lib/gcc/arm-none-eabi/6.3.1/../../../../arm-none-eabi/lib/thumb/v7-m\libc.a
END GROUP
LOAD c:/program files (x86)/atmel/studio/7.0/toolchain/arm/arm-gnu-toolchain/bin/../lib/gcc/arm-none-eabi/6.3.1/thumb/v7-m/crtend.o
LOAD c:/program files (x86)/atmel/studio/7.0/toolchain/arm/arm-gnu-toolchain/bin/../lib/gcc/arm-none-eabi/6.3.1/thumb/v7-m/crtn.o
                0x00000400                STACK_SIZE = DEFINED (STACK_SIZE)?STACK_SIZE:0x400
                0x00000200                HEAP_SIZE = DEFINED (HEAP_SIZE)?HEAP_SIZE:0x200

.text           0x00080000     0x1878
                0x00080000                . = ALIGN (0x4)
                0x00080000                _sfixed = .
 *(.vectors .vectors.*)
 .vectors       0x00080000       0xf4 Device_Startup/startup_sam3xa.o
                0x00080000                exception_table
 *(.text .text.* .gnu.linkonce.t.*)
 .text          0x000800f4       0x6c c:/program files (x86)/atmel/studio/7.0/toolchain/arm/arm-gnu-toolchain/bin/../lib/gcc/arm-none-eabi/6.3.1/thumb/v7-m/crtbegin.o
 .text.adc_init
                0x00080160       0x30 adc/adc_arduino.o
                0x00080160                adc_init
 .text.count_score
                0x00080190       0x48 adc/adc_arduino.o
                0x00080190                count_score
 .text.can_init
                0x000801d8       0xf0 can/can_controller.o
                0x000801d8                can_init
 .text.can_receive
                0x000802c8       0x84 can/can_controller.o
                0x000802c8                can_receive
 .text.CAN0_Handler
                0x0008034c       0x70 can/can_interrupt.o
                0x0008034c                CAN0_Handler
 .text.dac_init
                0x000803bc       0x40 dac/dac_arduino.o
                0x000803bc                dac_init
 .text.dac_write
                0x000803fc        0xc dac/dac_arduino.o
                0x000803fc                dac_write
 .text.Dummy_Handler
                0x00080408        0x2 Device_Startup/startup_sam3xa.o
                0x00080408                DACC_Handler
                0x00080408                DebugMon_Handler
                0x00080408                DMAC_Handler
                0x00080408                TRNG_Handler
                0x00080408                HardFault_Handler
                0x00080408                TC2_Handler
                0x00080408                USART3_Handler
                0x00080408                TWI1_Handler
                0x00080408                PendSV_Handler
                0x00080408                NMI_Handler
                0x00080408                TC7_Handler
                0x00080408                ADC_Handler
                0x00080408                SMC_Handler
                0x00080408                USART0_Handler
                0x00080408                RTT_Handler
                0x00080408                EFC1_Handler
                0x00080408                PIOB_Handler
                0x00080408                RTC_Handler
                0x00080408                UsageFault_Handler
                0x00080408                TC6_Handler
                0x00080408                WDT_Handler
                0x00080408                TC4_Handler
                0x00080408                TC1_Handler
                0x00080408                HSMCI_Handler
                0x00080408                TC3_Handler
                0x00080408                Dummy_Handler
                0x00080408                TWI0_Handler
                0x00080408                USART1_Handler
                0x00080408                PIOA_Handler
                0x00080408                SSC_Handler
                0x00080408                EFC0_Handler
                0x00080408                PMC_Handler
                0x00080408                PWM_Handler
                0x00080408                CAN1_Handler
                0x00080408                MemManage_Handler
                0x00080408                SUPC_Handler
                0x00080408                SVC_Handler
                0x00080408                TC8_Handler
                0x00080408                USART2_Handler
                0x00080408                PIOD_Handler
                0x00080408                EMAC_Handler
                0x00080408                PIOC_Handler
                0x00080408                BusFault_Handler
                0x00080408                RSTC_Handler
                0x00080408                TC0_Handler
                0x00080408                TC5_Handler
                0x00080408                UOTGHS_Handler
                0x00080408                SPI0_Handler
 *fill*         0x0008040a        0x2 
 .text.Reset_Handler
                0x0008040c       0x88 Device_Startup/startup_sam3xa.o
                0x0008040c                Reset_Handler
 .text.SystemInit
                0x00080494       0xa4 Device_Startup/system_sam3xa.o
                0x00080494                SystemInit
 .text.main     0x00080538      0x108 main.o
                0x00080538                main
 .text.motor_init
                0x00080640       0x9c motor/motor.o
                0x00080640                motor_init
 .text.motor_read_encoder
                0x000806dc       0x60 motor/motor.o
                0x000806dc                motor_read_encoder
 .text.pid2_init
                0x0008073c       0x2c pid2/pid2.o
                0x0008073c                pid2_init
 .text.pid2_ref
                0x00080768       0x30 pid2/pid2.o
                0x00080768                pid2_ref
 .text.pid2_controller
                0x00080798       0xb0 pid2/pid2.o
                0x00080798                pid2_controller
 .text.pid2_update_controller
                0x00080848       0x2c pid2/pid2.o
                0x00080848                pid2_update_controller
 .text.pwm_timercounter_init
                0x00080874       0x68 pwm/pwm.o
                0x00080874                pwm_timercounter_init
 *fill*         0x000808dc        0x4 
 .text.pwm_update_dutycycle
                0x000808e0       0x78 pwm/pwm.o
                0x000808e0                pwm_update_dutycycle
 .text.solenoid_init
                0x00080958       0x1c solenoid/solenoid.o
                0x00080958                solenoid_init
 .text.solenoid_push
                0x00080974       0x20 solenoid/solenoid.o
                0x00080974                solenoid_push
 .text.systick_init_ms
                0x00080994       0x1c timer/timer.o
                0x00080994                systick_init_ms
 .text.systick_init_us
                0x000809b0       0x18 timer/timer.o
                0x000809b0                systick_init_us
 .text.systick_delay_ms
                0x000809c8       0x24 timer/timer.o
                0x000809c8                systick_delay_ms
 .text.systick_delay_us
                0x000809ec       0x24 timer/timer.o
                0x000809ec                systick_delay_us
 .text.pid_timercounter_init
                0x00080a10       0x50 timer/timer.o
                0x00080a10                pid_timercounter_init
 .text.SysTick_Handler
                0x00080a60       0x24 timer/timer.o
                0x00080a60                SysTick_Handler
 .text.prints   0x00080a84       0xac uart/printf-stdarg.o
 .text.printi   0x00080b30       0xbc uart/printf-stdarg.o
 .text.print    0x00080bec      0x160 uart/printf-stdarg.o
 .text.printf   0x00080d4c       0x24 uart/printf-stdarg.o
                0x00080d4c                printf
 .text.configure_uart
                0x00080d70       0x68 uart/uart.o
                0x00080d70                configure_uart
 .text.uart_putchar
                0x00080dd8       0x24 uart/uart.o
                0x00080dd8                uart_putchar
 .text.UART_Handler
                0x00080dfc       0x68 uart/uart.o
                0x00080dfc                UART_Handler
 .text          0x00080e64      0x370 c:/program files (x86)/atmel/studio/7.0/toolchain/arm/arm-gnu-toolchain/bin/../lib/gcc/arm-none-eabi/6.3.1/thumb/v7-m\libgcc.a(_arm_addsubdf3.o)
                0x00080e64                __aeabi_drsub
                0x00080e6c                __aeabi_dsub
                0x00080e6c                __subdf3
                0x00080e70                __aeabi_dadd
                0x00080e70                __adddf3
                0x000810e8                __floatunsidf
                0x000810e8                __aeabi_ui2d
                0x00081108                __floatsidf
                0x00081108                __aeabi_i2d
                0x0008112c                __aeabi_f2d
                0x0008112c                __extendsfdf2
                0x00081168                __floatundidf
                0x00081168                __aeabi_ul2d
                0x00081178                __floatdidf
                0x00081178                __aeabi_l2d
 .text          0x000811d4      0x424 c:/program files (x86)/atmel/studio/7.0/toolchain/arm/arm-gnu-toolchain/bin/../lib/gcc/arm-none-eabi/6.3.1/thumb/v7-m\libgcc.a(_arm_muldivdf3.o)
                0x000811d4                __aeabi_dmul
                0x000811d4                __muldf3
                0x00081428                __divdf3
                0x00081428                __aeabi_ddiv
 .text          0x000815f8       0x40 c:/program files (x86)/atmel/studio/7.0/toolchain/arm/arm-gnu-toolchain/bin/../lib/gcc/arm-none-eabi/6.3.1/thumb/v7-m\libgcc.a(_arm_fixunsdfsi.o)
                0x000815f8                __aeabi_d2uiz
                0x000815f8                __fixunsdfsi
 .text.__libc_init_array
                0x00081638       0x50 c:/program files (x86)/atmel/studio/7.0/toolchain/arm/arm-gnu-toolchain/bin/../lib/gcc/arm-none-eabi/6.3.1/../../../../arm-none-eabi/lib/thumb/v7-m\libc.a(lib_a-init.o)
                0x00081638                __libc_init_array
 .text.startup.register_fini
                0x00081688       0x14 c:/program files (x86)/atmel/studio/7.0/toolchain/arm/arm-gnu-toolchain/bin/../lib/gcc/arm-none-eabi/6.3.1/../../../../arm-none-eabi/lib/thumb/v7-m\libc.a(lib_a-__call_atexit.o)
 .text.atexit   0x0008169c        0xc c:/program files (x86)/atmel/studio/7.0/toolchain/arm/arm-gnu-toolchain/bin/../lib/gcc/arm-none-eabi/6.3.1/../../../../arm-none-eabi/lib/thumb/v7-m\libc.a(lib_a-atexit.o)
                0x0008169c                atexit
 .text.__libc_fini_array
                0x000816a8       0x34 c:/program files (x86)/atmel/studio/7.0/toolchain/arm/arm-gnu-toolchain/bin/../lib/gcc/arm-none-eabi/6.3.1/../../../../arm-none-eabi/lib/thumb/v7-m\libc.a(lib_a-fini.o)
                0x000816a8                __libc_fini_array
 .text.__retarget_lock_acquire_recursive
                0x000816dc        0x4 c:/program files (x86)/atmel/studio/7.0/toolchain/arm/arm-gnu-toolchain/bin/../lib/gcc/arm-none-eabi/6.3.1/../../../../arm-none-eabi/lib/thumb/v7-m\libc.a(lib_a-lock.o)
                0x000816dc                __retarget_lock_acquire_recursive
 .text.__retarget_lock_release_recursive
                0x000816e0        0x4 c:/program files (x86)/atmel/studio/7.0/toolchain/arm/arm-gnu-toolchain/bin/../lib/gcc/arm-none-eabi/6.3.1/../../../../arm-none-eabi/lib/thumb/v7-m\libc.a(lib_a-lock.o)
                0x000816e0                __retarget_lock_release_recursive
 .text.__register_exitproc
                0x000816e4       0xc4 c:/program files (x86)/atmel/studio/7.0/toolchain/arm/arm-gnu-toolchain/bin/../lib/gcc/arm-none-eabi/6.3.1/../../../../arm-none-eabi/lib/thumb/v7-m\libc.a(lib_a-__atexit.o)
                0x000816e4                __register_exitproc
 *(.glue_7t)
 .glue_7t       0x000817a8        0x0 linker stubs
 *(.glue_7)
 .glue_7        0x000817a8        0x0 linker stubs
 *(.rodata .rodata* .gnu.linkonce.r.*)
 .rodata.str1.4
                0x000817a8       0x2b can/can_interrupt.o
 *fill*         0x000817d3        0x1 
 .rodata.str1.4
                0x000817d4       0x53 main.o
 *fill*         0x00081827        0x1 
 .rodata.str1.4
                0x00081828        0x7 uart/printf-stdarg.o
 *fill*         0x0008182f        0x1 
 .rodata.str1.4
                0x00081830       0x20 uart/uart.o
                                 0x1e (size before relaxing)
 .rodata._global_impure_ptr
                0x00081850        0x4 c:/program files (x86)/atmel/studio/7.0/toolchain/arm/arm-gnu-toolchain/bin/../lib/gcc/arm-none-eabi/6.3.1/../../../../arm-none-eabi/lib/thumb/v7-m\libc.a(lib_a-impure.o)
                0x00081850                _global_impure_ptr
 *(.ARM.extab* .gnu.linkonce.armextab.*)
                0x00081854                . = ALIGN (0x4)
 *(.init)
 .init          0x00081854        0x4 c:/program files (x86)/atmel/studio/7.0/toolchain/arm/arm-gnu-toolchain/bin/../lib/gcc/arm-none-eabi/6.3.1/thumb/v7-m/crti.o
                0x00081854                _init
 .init          0x00081858        0x8 c:/program files (x86)/atmel/studio/7.0/toolchain/arm/arm-gnu-toolchain/bin/../lib/gcc/arm-none-eabi/6.3.1/thumb/v7-m/crtn.o
                0x00081860                . = ALIGN (0x4)
                0x00081860                __preinit_array_start = .
 *(.preinit_array)
                0x00081860                __preinit_array_end = .
                0x00081860                . = ALIGN (0x4)
                0x00081860                __init_array_start = .
 *(SORT(.init_array.*))
 .init_array.00000
                0x00081860        0x4 c:/program files (x86)/atmel/studio/7.0/toolchain/arm/arm-gnu-toolchain/bin/../lib/gcc/arm-none-eabi/6.3.1/../../../../arm-none-eabi/lib/thumb/v7-m\libc.a(lib_a-__call_atexit.o)
 *(.init_array)
 .init_array    0x00081864        0x4 c:/program files (x86)/atmel/studio/7.0/toolchain/arm/arm-gnu-toolchain/bin/../lib/gcc/arm-none-eabi/6.3.1/thumb/v7-m/crtbegin.o
                0x00081868                __init_array_end = .
                0x00081868                . = ALIGN (0x4)
 *crtbegin.o(.ctors)
 *(EXCLUDE_FILE(*crtend.o) .ctors)
 *(SORT(.ctors.*))
 *crtend.o(.ctors)
                0x00081868                . = ALIGN (0x4)
 *(.fini)
 .fini          0x00081868        0x4 c:/program files (x86)/atmel/studio/7.0/toolchain/arm/arm-gnu-toolchain/bin/../lib/gcc/arm-none-eabi/6.3.1/thumb/v7-m/crti.o
                0x00081868                _fini
 .fini          0x0008186c        0x8 c:/program files (x86)/atmel/studio/7.0/toolchain/arm/arm-gnu-toolchain/bin/../lib/gcc/arm-none-eabi/6.3.1/thumb/v7-m/crtn.o
                0x00081874                . = ALIGN (0x4)
                0x00081874                __fini_array_start = .
 *(.fini_array)
 .fini_array    0x00081874        0x4 c:/program files (x86)/atmel/studio/7.0/toolchain/arm/arm-gnu-toolchain/bin/../lib/gcc/arm-none-eabi/6.3.1/thumb/v7-m/crtbegin.o
 *(SORT(.fini_array.*))
                0x00081878                __fini_array_end = .
 *crtbegin.o(.dtors)
 *(EXCLUDE_FILE(*crtend.o) .dtors)
 *(SORT(.dtors.*))
 *crtend.o(.dtors)
                0x00081878                . = ALIGN (0x4)
                0x00081878                _efixed = .
                [!provide]                PROVIDE (__exidx_start, .)

.vfp11_veneer   0x00081878        0x0
 .vfp11_veneer  0x00081878        0x0 linker stubs

.v4_bx          0x00081878        0x0
 .v4_bx         0x00081878        0x0 linker stubs

.iplt           0x00081878        0x0
 .iplt          0x00081878        0x0 c:/program files (x86)/atmel/studio/7.0/toolchain/arm/arm-gnu-toolchain/bin/../lib/gcc/arm-none-eabi/6.3.1/thumb/v7-m/crtbegin.o

.eh_frame       0x00081878        0x0
 .eh_frame      0x00081878        0x0 c:/program files (x86)/atmel/studio/7.0/toolchain/arm/arm-gnu-toolchain/bin/../lib/gcc/arm-none-eabi/6.3.1/thumb/v7-m/crtbegin.o

.rel.dyn        0x00081878        0x0
 .rel.iplt      0x00081878        0x0 c:/program files (x86)/atmel/studio/7.0/toolchain/arm/arm-gnu-toolchain/bin/../lib/gcc/arm-none-eabi/6.3.1/thumb/v7-m/crtbegin.o

.jcr            0x00081878        0x0
 .jcr           0x00081878        0x0 c:/program files (x86)/atmel/studio/7.0/toolchain/arm/arm-gnu-toolchain/bin/../lib/gcc/arm-none-eabi/6.3.1/thumb/v7-m/crtbegin.o

.igot.plt       0x00081878        0x0
 .igot.plt      0x00081878        0x0 c:/program files (x86)/atmel/studio/7.0/toolchain/arm/arm-gnu-toolchain/bin/../lib/gcc/arm-none-eabi/6.3.1/thumb/v7-m/crtbegin.o

.ARM.exidx
 *(.ARM.exidx* .gnu.linkonce.armexidx.*)
                [!provide]                PROVIDE (__exidx_end, .)
                0x00081878                . = ALIGN (0x4)
                0x00081878                _etext = .

.relocate       0x20000000      0x43c load address 0x00081878
                0x20000000                . = ALIGN (0x4)
                0x20000000                _srelocate = .
 *(.ramfunc .ramfunc.*)
 *(.data .data.*)
 .data          0x20000000        0x4 Device_Startup/system_sam3xa.o
                0x20000000                SystemCoreClock
 .data          0x20000004        0x6 pid2/pid2.o
                0x20000004                ki
                0x20000006                kp
                0x20000008                kd
 *fill*         0x2000000a        0x6 
 .data.impure_data
                0x20000010      0x428 c:/program files (x86)/atmel/studio/7.0/toolchain/arm/arm-gnu-toolchain/bin/../lib/gcc/arm-none-eabi/6.3.1/../../../../arm-none-eabi/lib/thumb/v7-m\libc.a(lib_a-impure.o)
 .data.__atexit_recursive_mutex
                0x20000438        0x4 c:/program files (x86)/atmel/studio/7.0/toolchain/arm/arm-gnu-toolchain/bin/../lib/gcc/arm-none-eabi/6.3.1/../../../../arm-none-eabi/lib/thumb/v7-m\libc.a(lib_a-__call_atexit.o)
                0x20000438                __atexit_recursive_mutex
                0x2000043c                . = ALIGN (0x4)
                0x2000043c                _erelocate = .

.bss            0x2000043c       0xa4 load address 0x00081cb4
                0x2000043c                . = ALIGN (0x4)
                0x2000043c                _sbss = .
                0x2000043c                _szero = .
 *(.bss .bss.*)
 .bss           0x2000043c       0x1c c:/program files (x86)/atmel/studio/7.0/toolchain/arm/arm-gnu-toolchain/bin/../lib/gcc/arm-none-eabi/6.3.1/thumb/v7-m/crtbegin.o
 .bss           0x20000458        0xc pid2/pid2.o
 .bss           0x20000464        0x4 timer/timer.o
                0x20000464                period
 *(COMMON)
 COMMON         0x20000468        0xe main.o
                0x20000468                position_x
                0x2000046c                max_sum_error
                0x20000470                dutycycle
                0x20000474                encoderdata
 COMMON         0x20000476        0x2 motor/motor.o
                0x20000476                encoderdataLSB
                0x20000477                encoderdataMSB
 COMMON         0x20000478       0x42 uart/uart.o
                0x20000478                rx_buffer
 *fill*         0x200004ba        0x2 
 COMMON         0x200004bc       0x21 c:/program files (x86)/atmel/studio/7.0/toolchain/arm/arm-gnu-toolchain/bin/../lib/gcc/arm-none-eabi/6.3.1/../../../../arm-none-eabi/lib/thumb/v7-m\libc.a(lib_a-lock.o)
                0x200004bc                __lock___atexit_recursive_mutex
                0x200004c0                __lock___arc4random_mutex
                0x200004c4                __lock___env_recursive_mutex
                0x200004c8                __lock___sinit_recursive_mutex
                0x200004cc                __lock___malloc_recursive_mutex
                0x200004d0                __lock___at_quick_exit_mutex
                0x200004d4                __lock___dd_hash_mutex
                0x200004d8                __lock___tz_mutex
                0x200004dc                __lock___sfp_recursive_mutex
                0x200004e0                . = ALIGN (0x4)
 *fill*         0x200004dd        0x3 
                0x200004e0                _ebss = .
                0x200004e0                _ezero = .

.stack          0x200004e0      0x400 load address 0x00081d58
                0x200004e0                . = ALIGN (0x8)
                0x200004e0                _sstack = .
                0x200008e0                . = (. + STACK_SIZE)
 *fill*         0x200004e0      0x400 
                0x200008e0                . = ALIGN (0x8)
                0x200008e0                _estack = .

.heap           0x200008e0      0x200 load address 0x00082158
                0x200008e0                . = ALIGN (0x8)
                0x200008e0                _sheap = .
                0x20000ae0                . = (. + HEAP_SIZE)
 *fill*         0x200008e0      0x200 
                0x20000ae0                . = ALIGN (0x8)
                0x20000ae0                _eheap = .
                0x20000ae0                . = ALIGN (0x4)
                0x20000ae0                _end = .
                0x20017fff                _ram_end_ = ((ORIGIN (ram) + LENGTH (ram)) - 0x1)
OUTPUT(GccApplication2.elf elf32-littlearm)

.ARM.attributes
                0x00000000       0x29
 .ARM.attributes
                0x00000000       0x1d c:/program files (x86)/atmel/studio/7.0/toolchain/arm/arm-gnu-toolchain/bin/../lib/gcc/arm-none-eabi/6.3.1/thumb/v7-m/crti.o
 .ARM.attributes
                0x0000001d       0x2d c:/program files (x86)/atmel/studio/7.0/toolchain/arm/arm-gnu-toolchain/bin/../lib/gcc/arm-none-eabi/6.3.1/thumb/v7-m/crtbegin.o
 .ARM.attributes
                0x0000004a       0x33 adc/adc_arduino.o
 .ARM.attributes
                0x0000007d       0x33 can/can_controller.o
 .ARM.attributes
                0x000000b0       0x33 can/can_interrupt.o
 .ARM.attributes
                0x000000e3       0x33 dac/dac_arduino.o
 .ARM.attributes
                0x00000116       0x33 Device_Startup/startup_sam3xa.o
 .ARM.attributes
                0x00000149       0x33 Device_Startup/system_sam3xa.o
 .ARM.attributes
                0x0000017c       0x33 main.o
 .ARM.attributes
                0x000001af       0x33 motor/motor.o
 .ARM.attributes
                0x000001e2       0x33 pid2/pid2.o
 .ARM.attributes
                0x00000215       0x33 pwm/pwm.o
 .ARM.attributes
                0x00000248       0x33 solenoid/solenoid.o
 .ARM.attributes
                0x0000027b       0x33 timer/timer.o
 .ARM.attributes
                0x000002ae       0x33 uart/printf-stdarg.o
 .ARM.attributes
                0x000002e1       0x33 uart/uart.o
 .ARM.attributes
                0x00000314       0x1d c:/program files (x86)/atmel/studio/7.0/toolchain/arm/arm-gnu-toolchain/bin/../lib/gcc/arm-none-eabi/6.3.1/thumb/v7-m\libgcc.a(_arm_addsubdf3.o)
 .ARM.attributes
                0x00000331       0x1d c:/program files (x86)/atmel/studio/7.0/toolchain/arm/arm-gnu-toolchain/bin/../lib/gcc/arm-none-eabi/6.3.1/thumb/v7-m\libgcc.a(_arm_muldivdf3.o)
 .ARM.attributes
                0x0000034e       0x1d c:/program files (x86)/atmel/studio/7.0/toolchain/arm/arm-gnu-toolchain/bin/../lib/gcc/arm-none-eabi/6.3.1/thumb/v7-m\libgcc.a(_arm_fixunsdfsi.o)
 .ARM.attributes
                0x0000036b       0x2d c:/program files (x86)/atmel/studio/7.0/toolchain/arm/arm-gnu-toolchain/bin/../lib/gcc/arm-none-eabi/6.3.1/../../../../arm-none-eabi/lib/thumb/v7-m\libc.a(lib_a-impure.o)
 .ARM.attributes
                0x00000398       0x2d c:/program files (x86)/atmel/studio/7.0/toolchain/arm/arm-gnu-toolchain/bin/../lib/gcc/arm-none-eabi/6.3.1/../../../../arm-none-eabi/lib/thumb/v7-m\libc.a(lib_a-init.o)
 .ARM.attributes
                0x000003c5       0x2d c:/program files (x86)/atmel/studio/7.0/toolchain/arm/arm-gnu-toolchain/bin/../lib/gcc/arm-none-eabi/6.3.1/../../../../arm-none-eabi/lib/thumb/v7-m\libc.a(lib_a-__call_atexit.o)
 .ARM.attributes
                0x000003f2       0x2d c:/program files (x86)/atmel/studio/7.0/toolchain/arm/arm-gnu-toolchain/bin/../lib/gcc/arm-none-eabi/6.3.1/../../../../arm-none-eabi/lib/thumb/v7-m\libc.a(lib_a-atexit.o)
 .ARM.attributes
                0x0000041f       0x2d c:/program files (x86)/atmel/studio/7.0/toolchain/arm/arm-gnu-toolchain/bin/../lib/gcc/arm-none-eabi/6.3.1/../../../../arm-none-eabi/lib/thumb/v7-m\libc.a(lib_a-fini.o)
 .ARM.attributes
                0x0000044c       0x2d c:/program files (x86)/atmel/studio/7.0/toolchain/arm/arm-gnu-toolchain/bin/../lib/gcc/arm-none-eabi/6.3.1/../../../../arm-none-eabi/lib/thumb/v7-m\libc.a(lib_a-lock.o)
 .ARM.attributes
                0x00000479       0x2d c:/program files (x86)/atmel/studio/7.0/toolchain/arm/arm-gnu-toolchain/bin/../lib/gcc/arm-none-eabi/6.3.1/../../../../arm-none-eabi/lib/thumb/v7-m\libc.a(lib_a-__atexit.o)
 .ARM.attributes
                0x000004a6       0x1d c:/program files (x86)/atmel/studio/7.0/toolchain/arm/arm-gnu-toolchain/bin/../lib/gcc/arm-none-eabi/6.3.1/thumb/v7-m/crtn.o

.comment        0x00000000       0x59
 .comment       0x00000000       0x59 adc/adc_arduino.o
                                 0x5a (size before relaxing)
 .comment       0x00000059       0x5a can/can_controller.o
 .comment       0x00000059       0x5a can/can_interrupt.o
 .comment       0x00000059       0x5a dac/dac_arduino.o
 .comment       0x00000059       0x5a Device_Startup/startup_sam3xa.o
 .comment       0x00000059       0x5a Device_Startup/system_sam3xa.o
 .comment       0x00000059       0x5a main.o
 .comment       0x00000059       0x5a motor/motor.o
 .comment       0x00000059       0x5a pid2/pid2.o
 .comment       0x00000059       0x5a pwm/pwm.o
 .comment       0x00000059       0x5a solenoid/solenoid.o
 .comment       0x00000059       0x5a timer/timer.o
 .comment       0x00000059       0x5a uart/printf-stdarg.o
 .comment       0x00000059       0x5a uart/uart.o

.debug_info     0x00000000     0x7cbb
 .debug_info    0x00000000      0x9fb adc/adc_arduino.o
 .debug_info    0x000009fb      0xd68 can/can_controller.o
 .debug_info    0x00001763      0xf7f can/can_interrupt.o
 .debug_info    0x000026e2      0x8f7 dac/dac_arduino.o
 .debug_info    0x00002fd9      0x74e Device_Startup/startup_sam3xa.o
 .debug_info    0x00003727      0x444 Device_Startup/system_sam3xa.o
 .debug_info    0x00003b6b      0x51e main.o
 .debug_info    0x00004089      0x792 motor/motor.o
 .debug_info    0x0000481b      0x682 pid2/pid2.o
 .debug_info    0x00004e9d      0xba6 pwm/pwm.o
 .debug_info    0x00005a43      0x724 solenoid/solenoid.o
 .debug_info    0x00006167      0x8aa timer/timer.o
 .debug_info    0x00006a11      0x65f uart/printf-stdarg.o
 .debug_info    0x00007070      0xc4b uart/uart.o

.debug_abbrev   0x00000000     0x1604
 .debug_abbrev  0x00000000      0x167 adc/adc_arduino.o
 .debug_abbrev  0x00000167      0x212 can/can_controller.o
 .debug_abbrev  0x00000379      0x2ac can/can_interrupt.o
 .debug_abbrev  0x00000625       0xf3 dac/dac_arduino.o
 .debug_abbrev  0x00000718      0x153 Device_Startup/startup_sam3xa.o
 .debug_abbrev  0x0000086b      0x102 Device_Startup/system_sam3xa.o
 .debug_abbrev  0x0000096d      0x1bd main.o
 .debug_abbrev  0x00000b2a      0x145 motor/motor.o
 .debug_abbrev  0x00000c6f      0x1cf pid2/pid2.o
 .debug_abbrev  0x00000e3e      0x128 pwm/pwm.o
 .debug_abbrev  0x00000f66      0x134 solenoid/solenoid.o
 .debug_abbrev  0x0000109a      0x149 timer/timer.o
 .debug_abbrev  0x000011e3      0x1e6 uart/printf-stdarg.o
 .debug_abbrev  0x000013c9      0x23b uart/uart.o

.debug_loc      0x00000000     0x145e
 .debug_loc     0x00000000       0x29 adc/adc_arduino.o
 .debug_loc     0x00000029      0x2d8 can/can_controller.o
 .debug_loc     0x00000301       0x78 can/can_interrupt.o
 .debug_loc     0x00000379       0x21 dac/dac_arduino.o
 .debug_loc     0x0000039a       0x6b Device_Startup/startup_sam3xa.o
 .debug_loc     0x00000405       0x7a main.o
 .debug_loc     0x0000047f       0x4c motor/motor.o
 .debug_loc     0x000004cb      0x277 pid2/pid2.o
 .debug_loc     0x00000742       0xa2 pwm/pwm.o
 .debug_loc     0x000007e4       0x20 solenoid/solenoid.o
 .debug_loc     0x00000804       0x82 timer/timer.o
 .debug_loc     0x00000886      0xb0a uart/printf-stdarg.o
 .debug_loc     0x00001390       0xce uart/uart.o

.debug_aranges  0x00000000      0x2a0
 .debug_aranges
                0x00000000       0x30 adc/adc_arduino.o
 .debug_aranges
                0x00000030       0x38 can/can_controller.o
 .debug_aranges
                0x00000068       0x20 can/can_interrupt.o
 .debug_aranges
                0x00000088       0x28 dac/dac_arduino.o
 .debug_aranges
                0x000000b0       0x28 Device_Startup/startup_sam3xa.o
 .debug_aranges
                0x000000d8       0x30 Device_Startup/system_sam3xa.o
 .debug_aranges
                0x00000108       0x20 main.o
 .debug_aranges
                0x00000128       0x28 motor/motor.o
 .debug_aranges
                0x00000150       0x38 pid2/pid2.o
 .debug_aranges
                0x00000188       0x28 pwm/pwm.o
 .debug_aranges
                0x000001b0       0x28 solenoid/solenoid.o
 .debug_aranges
                0x000001d8       0x48 timer/timer.o
 .debug_aranges
                0x00000220       0x48 uart/printf-stdarg.o
 .debug_aranges
                0x00000268       0x38 uart/uart.o

.debug_ranges   0x00000000      0x240
 .debug_ranges  0x00000000       0x40 adc/adc_arduino.o
 .debug_ranges  0x00000040       0x28 can/can_controller.o
 .debug_ranges  0x00000068       0x28 can/can_interrupt.o
 .debug_ranges  0x00000090       0x18 dac/dac_arduino.o
 .debug_ranges  0x000000a8       0x18 Device_Startup/startup_sam3xa.o
 .debug_ranges  0x000000c0       0x20 Device_Startup/system_sam3xa.o
 .debug_ranges  0x000000e0       0x28 main.o
 .debug_ranges  0x00000108       0x18 motor/motor.o
 .debug_ranges  0x00000120       0x28 pid2/pid2.o
 .debug_ranges  0x00000148       0x18 pwm/pwm.o
 .debug_ranges  0x00000160       0x18 solenoid/solenoid.o
 .debug_ranges  0x00000178       0x38 timer/timer.o
 .debug_ranges  0x000001b0       0x68 uart/printf-stdarg.o
 .debug_ranges  0x00000218       0x28 uart/uart.o

.debug_macro    0x00000000    0x13223
 .debug_macro   0x00000000      0x355 adc/adc_arduino.o
 .debug_macro   0x00000355      0x8b0 adc/adc_arduino.o
 .debug_macro   0x00000c05       0x22 adc/adc_arduino.o
 .debug_macro   0x00000c27       0x87 adc/adc_arduino.o
 .debug_macro   0x00000cae       0x51 adc/adc_arduino.o
 .debug_macro   0x00000cff       0xef adc/adc_arduino.o
 .debug_macro   0x00000dee       0x6a adc/adc_arduino.o
 .debug_macro   0x00000e58      0x1df adc/adc_arduino.o
 .debug_macro   0x00001037       0x20 adc/adc_arduino.o
 .debug_macro   0x00001057       0x28 adc/adc_arduino.o
 .debug_macro   0x0000107f       0x93 adc/adc_arduino.o
 .debug_macro   0x00001112      0xe18 adc/adc_arduino.o
 .debug_macro   0x00001f2a      0xa7d adc/adc_arduino.o
 .debug_macro   0x000029a7      0x55a adc/adc_arduino.o
 .debug_macro   0x00002f01      0x1a8 adc/adc_arduino.o
 .debug_macro   0x000030a9      0x30b adc/adc_arduino.o
 .debug_macro   0x000033b4      0x709 adc/adc_arduino.o
 .debug_macro   0x00003abd       0xd6 adc/adc_arduino.o
 .debug_macro   0x00003b93      0x56c adc/adc_arduino.o
 .debug_macro   0x000040ff       0x1c adc/adc_arduino.o
 .debug_macro   0x0000411b      0x678 adc/adc_arduino.o
 .debug_macro   0x00004793      0x51e adc/adc_arduino.o
 .debug_macro   0x00004cb1       0xbe adc/adc_arduino.o
 .debug_macro   0x00004d6f     0x2333 adc/adc_arduino.o
 .debug_macro   0x000070a2      0x7d1 adc/adc_arduino.o
 .debug_macro   0x00007873      0xdbb adc/adc_arduino.o
 .debug_macro   0x0000862e       0x9a adc/adc_arduino.o
 .debug_macro   0x000086c8      0x29c adc/adc_arduino.o
 .debug_macro   0x00008964       0x58 adc/adc_arduino.o
 .debug_macro   0x000089bc      0x999 adc/adc_arduino.o
 .debug_macro   0x00009355      0x22d adc/adc_arduino.o
 .debug_macro   0x00009582      0x4b4 adc/adc_arduino.o
 .debug_macro   0x00009a36      0x64a adc/adc_arduino.o
 .debug_macro   0x0000a080      0x590 adc/adc_arduino.o
 .debug_macro   0x0000a610       0x46 adc/adc_arduino.o
 .debug_macro   0x0000a656      0x33f adc/adc_arduino.o
 .debug_macro   0x0000a995      0x27e adc/adc_arduino.o
 .debug_macro   0x0000ac13     0x14dc adc/adc_arduino.o
 .debug_macro   0x0000c0ef      0x7cf adc/adc_arduino.o
 .debug_macro   0x0000c8be       0x76 adc/adc_arduino.o
 .debug_macro   0x0000c934       0x82 adc/adc_arduino.o
 .debug_macro   0x0000c9b6       0x76 adc/adc_arduino.o
 .debug_macro   0x0000ca2c       0x4c adc/adc_arduino.o
 .debug_macro   0x0000ca78      0x100 adc/adc_arduino.o
 .debug_macro   0x0000cb78      0x100 adc/adc_arduino.o
 .debug_macro   0x0000cc78      0x100 adc/adc_arduino.o
 .debug_macro   0x0000cd78       0x88 adc/adc_arduino.o
 .debug_macro   0x0000ce00       0x88 adc/adc_arduino.o
 .debug_macro   0x0000ce88      0x3b4 adc/adc_arduino.o
 .debug_macro   0x0000d23c       0xbe adc/adc_arduino.o
 .debug_macro   0x0000d2fa       0xbe adc/adc_arduino.o
 .debug_macro   0x0000d3b8       0xbe adc/adc_arduino.o
 .debug_macro   0x0000d476       0xbe adc/adc_arduino.o
 .debug_macro   0x0000d534      0x2b8 adc/adc_arduino.o
 .debug_macro   0x0000d7ec      0x118 adc/adc_arduino.o
 .debug_macro   0x0000d904      0x216 adc/adc_arduino.o
 .debug_macro   0x0000db1a      0x216 adc/adc_arduino.o
 .debug_macro   0x0000dd30       0x2e adc/adc_arduino.o
 .debug_macro   0x0000dd5e       0xac adc/adc_arduino.o
 .debug_macro   0x0000de0a      0x13e adc/adc_arduino.o
 .debug_macro   0x0000df48       0x7c adc/adc_arduino.o
 .debug_macro   0x0000dfc4      0x1f6 adc/adc_arduino.o
 .debug_macro   0x0000e1ba       0x64 adc/adc_arduino.o
 .debug_macro   0x0000e21e       0xa6 adc/adc_arduino.o
 .debug_macro   0x0000e2c4       0x7c adc/adc_arduino.o
 .debug_macro   0x0000e340       0x16 adc/adc_arduino.o
 .debug_macro   0x0000e356       0x22 adc/adc_arduino.o
 .debug_macro   0x0000e378       0x22 adc/adc_arduino.o
 .debug_macro   0x0000e39a      0x10c adc/adc_arduino.o
 .debug_macro   0x0000e4a6      0x10c adc/adc_arduino.o
 .debug_macro   0x0000e5b2      0x10c adc/adc_arduino.o
 .debug_macro   0x0000e6be      0x10c adc/adc_arduino.o
 .debug_macro   0x0000e7ca       0x1c adc/adc_arduino.o
 .debug_macro   0x0000e7e6       0x2e adc/adc_arduino.o
 .debug_macro   0x0000e814       0x22 adc/adc_arduino.o
 .debug_macro   0x0000e836       0x1c adc/adc_arduino.o
 .debug_macro   0x0000e852       0x58 adc/adc_arduino.o
 .debug_macro   0x0000e8aa       0x10 adc/adc_arduino.o
 .debug_macro   0x0000e8ba      0x27a adc/adc_arduino.o
 .debug_macro   0x0000eb34      0xd34 adc/adc_arduino.o
 .debug_macro   0x0000f868      0x170 adc/adc_arduino.o
 .debug_macro   0x0000f9d8      0x35f can/can_controller.o
 .debug_macro   0x0000fd37       0x26 can/can_controller.o
 .debug_macro   0x0000fd5d      0x4bd can/can_interrupt.o
 .debug_macro   0x0001021a       0x52 can/can_interrupt.o
 .debug_macro   0x0001026c       0x8d can/can_interrupt.o
 .debug_macro   0x000102f9       0x35 can/can_interrupt.o
 .debug_macro   0x0001032e       0x9c can/can_interrupt.o
 .debug_macro   0x000103ca       0x16 can/can_interrupt.o
 .debug_macro   0x000103e0       0x57 can/can_interrupt.o
 .debug_macro   0x00010437       0x97 can/can_interrupt.o
 .debug_macro   0x000104ce      0x353 can/can_interrupt.o
 .debug_macro   0x00010821       0xf6 can/can_interrupt.o
 .debug_macro   0x00010917       0x10 can/can_interrupt.o
 .debug_macro   0x00010927       0x58 can/can_interrupt.o
 .debug_macro   0x0001097f       0x1f can/can_interrupt.o
 .debug_macro   0x0001099e       0x43 can/can_interrupt.o
 .debug_macro   0x000109e1       0x20 can/can_interrupt.o
 .debug_macro   0x00010a01      0x187 can/can_interrupt.o
 .debug_macro   0x00010b88       0x10 can/can_interrupt.o
 .debug_macro   0x00010b98       0x1c can/can_interrupt.o
 .debug_macro   0x00010bb4       0x52 can/can_interrupt.o
 .debug_macro   0x00010c06       0x40 can/can_interrupt.o
 .debug_macro   0x00010c46       0x10 can/can_interrupt.o
 .debug_macro   0x00010c56       0x40 can/can_interrupt.o
 .debug_macro   0x00010c96       0xd7 can/can_interrupt.o
 .debug_macro   0x00010d6d       0x16 can/can_interrupt.o
 .debug_macro   0x00010d83      0x18b can/can_interrupt.o
 .debug_macro   0x00010f0e      0x35b dac/dac_arduino.o
 .debug_macro   0x00011269      0x351 Device_Startup/startup_sam3xa.o
 .debug_macro   0x000115ba      0x363 Device_Startup/system_sam3xa.o
 .debug_macro   0x0001191d      0x3ab main.o
 .debug_macro   0x00011cc8       0x10 main.o
 .debug_macro   0x00011cd8       0x28 main.o
 .debug_macro   0x00011d00      0x372 motor/motor.o
 .debug_macro   0x00012072       0x28 motor/motor.o
 .debug_macro   0x0001209a      0x358 pid2/pid2.o
 .debug_macro   0x000123f2      0x351 pwm/pwm.o
 .debug_macro   0x00012743      0x355 solenoid/solenoid.o
 .debug_macro   0x00012a98      0x351 timer/timer.o
 .debug_macro   0x00012de9       0x8e uart/printf-stdarg.o
 .debug_macro   0x00012e77       0x58 uart/printf-stdarg.o
 .debug_macro   0x00012ecf      0x354 uart/uart.o

.debug_line     0x00000000     0x635e
 .debug_line    0x00000000      0x72c adc/adc_arduino.o
 .debug_line    0x0000072c      0x7bf can/can_controller.o
 .debug_line    0x00000eeb      0x864 can/can_interrupt.o
 .debug_line    0x0000174f      0x6f4 dac/dac_arduino.o
 .debug_line    0x00001e43      0x6fe Device_Startup/startup_sam3xa.o
 .debug_line    0x00002541      0x774 Device_Startup/system_sam3xa.o
 .debug_line    0x00002cb5      0x7d0 main.o
 .debug_line    0x00003485      0x773 motor/motor.o
 .debug_line    0x00003bf8      0x74b pid2/pid2.o
 .debug_line    0x00004343      0x6e2 pwm/pwm.o
 .debug_line    0x00004a25      0x703 solenoid/solenoid.o
 .debug_line    0x00005128      0x72e timer/timer.o
 .debug_line    0x00005856      0x3c0 uart/printf-stdarg.o
 .debug_line    0x00005c16      0x748 uart/uart.o

.debug_str      0x00000000    0x548d8
 .debug_str     0x00000000    0x4f351 adc/adc_arduino.o
                              0x4f510 (size before relaxing)
 .debug_str     0x0004f351      0x442 can/can_controller.o
                              0x4f850 (size before relaxing)
 .debug_str     0x0004f793     0x410e can/can_interrupt.o
                              0x53685 (size before relaxing)
 .debug_str     0x000538a1       0xef dac/dac_arduino.o
                              0x4f4d5 (size before relaxing)
 .debug_str     0x00053990      0x557 Device_Startup/startup_sam3xa.o
                              0x4f62b (size before relaxing)
 .debug_str     0x00053ee7      0x195 Device_Startup/system_sam3xa.o
                              0x4f3be (size before relaxing)
 .debug_str     0x0005407c      0x20b main.o
                              0x4f3bb (size before relaxing)
 .debug_str     0x00054287       0xb4 motor/motor.o
                              0x4f4e1 (size before relaxing)
 .debug_str     0x0005433b       0x53 pid2/pid2.o
                              0x4f428 (size before relaxing)
 .debug_str     0x0005438e      0x255 pwm/pwm.o
                              0x4f610 (size before relaxing)
 .debug_str     0x000545e3       0x1d solenoid/solenoid.o
                              0x4f417 (size before relaxing)
 .debug_str     0x00054600       0x55 timer/timer.o
                              0x4f4a4 (size before relaxing)
 .debug_str     0x00054655      0x17d uart/printf-stdarg.o
                               0x3645 (size before relaxing)
 .debug_str     0x000547d2      0x106 uart/uart.o
                              0x4f801 (size before relaxing)

.debug_frame    0x00000000      0x7cc
 .debug_frame   0x00000000       0x40 adc/adc_arduino.o
 .debug_frame   0x00000040       0x78 can/can_controller.o
 .debug_frame   0x000000b8       0x30 can/can_interrupt.o
 .debug_frame   0x000000e8       0x30 dac/dac_arduino.o
 .debug_frame   0x00000118       0x38 Device_Startup/startup_sam3xa.o
 .debug_frame   0x00000150       0x40 Device_Startup/system_sam3xa.o
 .debug_frame   0x00000190       0x38 main.o
 .debug_frame   0x000001c8       0x50 motor/motor.o
 .debug_frame   0x00000218       0x70 pid2/pid2.o
 .debug_frame   0x00000288       0x38 pwm/pwm.o
 .debug_frame   0x000002c0       0x3c solenoid/solenoid.o
 .debug_frame   0x000002fc       0x80 timer/timer.o
 .debug_frame   0x0000037c      0x118 uart/printf-stdarg.o
 .debug_frame   0x00000494       0x58 uart/uart.o
 .debug_frame   0x000004ec       0xac c:/program files (x86)/atmel/studio/7.0/toolchain/arm/arm-gnu-toolchain/bin/../lib/gcc/arm-none-eabi/6.3.1/thumb/v7-m\libgcc.a(_arm_addsubdf3.o)
 .debug_frame   0x00000598       0x50 c:/program files (x86)/atmel/studio/7.0/toolchain/arm/arm-gnu-toolchain/bin/../lib/gcc/arm-none-eabi/6.3.1/thumb/v7-m\libgcc.a(_arm_muldivdf3.o)
 .debug_frame   0x000005e8       0x24 c:/program files (x86)/atmel/studio/7.0/toolchain/arm/arm-gnu-toolchain/bin/../lib/gcc/arm-none-eabi/6.3.1/thumb/v7-m\libgcc.a(_arm_fixunsdfsi.o)
 .debug_frame   0x0000060c       0x2c c:/program files (x86)/atmel/studio/7.0/toolchain/arm/arm-gnu-toolchain/bin/../lib/gcc/arm-none-eabi/6.3.1/../../../../arm-none-eabi/lib/thumb/v7-m\libc.a(lib_a-init.o)
 .debug_frame   0x00000638       0x5c c:/program files (x86)/atmel/studio/7.0/toolchain/arm/arm-gnu-toolchain/bin/../lib/gcc/arm-none-eabi/6.3.1/../../../../arm-none-eabi/lib/thumb/v7-m\libc.a(lib_a-__call_atexit.o)
 .debug_frame   0x00000694       0x20 c:/program files (x86)/atmel/studio/7.0/toolchain/arm/arm-gnu-toolchain/bin/../lib/gcc/arm-none-eabi/6.3.1/../../../../arm-none-eabi/lib/thumb/v7-m\libc.a(lib_a-atexit.o)
 .debug_frame   0x000006b4       0x34 c:/program files (x86)/atmel/studio/7.0/toolchain/arm/arm-gnu-toolchain/bin/../lib/gcc/arm-none-eabi/6.3.1/../../../../arm-none-eabi/lib/thumb/v7-m\libc.a(lib_a-fini.o)
 .debug_frame   0x000006e8       0xb0 c:/program files (x86)/atmel/studio/7.0/toolchain/arm/arm-gnu-toolchain/bin/../lib/gcc/arm-none-eabi/6.3.1/../../../../arm-none-eabi/lib/thumb/v7-m\libc.a(lib_a-lock.o)
 .debug_frame   0x00000798       0x34 c:/program files (x86)/atmel/studio/7.0/toolchain/arm/arm-gnu-toolchain/bin/../lib/gcc/arm-none-eabi/6.3.1/../../../../arm-none-eabi/lib/thumb/v7-m\libc.a(lib_a-__atexit.o)
